<?xml version="1.0" encoding="utf-8"?>
<TestRun id="d4d7fdc0-2e76-4780-ae9e-17715d76ffcd" name="@DESKTOP-QT4V7RG 2026-08-10 10:03:55" xmlns="http://microsoft.com/schemas/VisualStudio/TeamTest/2010">
  <Times creation="2026-08-10T10:03:55.3112600+02:00" queuing="2026-08-10T10:03:55.3112601+02:00" start="2026-08-10T10:03:53.4758791+02:00" finish="2026-08-10T10:03:55.6083449+02:00" />
  <TestSettings name="default" id="970cd23e-962c-4ecd-b18c-b439445a7136">
    <Deployment runDeploymentRoot="_DESKTOP-QT4V7RG_2026-08-10_10_03_55" />
  </TestSettings>
  <Results>
    <UnitTestResult executionId="47b1ab9e-2917-47d2-902d-11cfa83435ed" testId="62294141-9585-874e-dbe9-243f990ef273" testName="Linux_launches_route_to_xdg_desktop_portal(ShowInDirectory,&quot;/tmp/folder/file.txt&quot;)" computerName="DESKTOP-QT4V7RG" duration="00:00:00.0000340" startTime="2026-08-10T10:03:55.5254836+02:00" endTime="2026-08-10T10:03:55.5255175+02:00" testType="13cdc9d9-ddb5-4fa4-a97d-d965ccfc6d4b" outcome="Passed" testListId="8c84fa94-04c1-424b-9868-57a2d4851a1d" relativeResultsDirectory="47b1ab9e-2917-47d2-902d-11cfa83435ed" />
    <UnitTestResult executionId="8b58b691-8e10-41f9-98ea-930a691dbbd4" testId="3aa76433-1a96-5b6b-3f82-abfc6ae4373a" testName="IsLaunchAvailable_should_reject_host_executable_in_Flatpak(True,False)" computerName="DESKTOP-QT4V7RG" duration="00:00:00.0002310" startTime="2026-08-10T10:03:54.5683154+02:00" endTime="2026-08-10T10:03:54.5685465+02:00" testType="13cdc9d9-ddb5-4fa4-a97d-d965ccfc6d4b" outcome="Passed" testListId="8c84fa94-04c1-424b-9868-57a2d4851a1d" relativeResultsDirectory="8b58b691-8e10-41f9-98ea-930a691dbbd4" />
    <UnitTestResult executionId="ccc98e5a-d659-4eb3-9bbc-1c0117c027d9" testId="fb3591ad-f934-01a5-6f20-8c267c26a0f1" testName="SanitizeLinuxEnvironment_should_remove_snap_toolkit_overrides_and_restore_XDG_paths" computerName="DESKTOP-QT4V7RG" duration="00:00:00.0013450" startTime="2026-08-10T10:03:55.3459191+02:00" endTime="2026-08-10T10:03:55.3472643+02:00" testType="13cdc9d9-ddb5-4fa4-a97d-d965ccfc6d4b" outcome="Passed" testListId="8c84fa94-04c1-424b-9868-57a2d4851a1d" relativeResultsDirectory="ccc98e5a-d659-4eb3-9bbc-1c0117c027d9" />
    <UnitTestResult executionId="853c3c36-d2e1-47a2-a132-c00eeb295713" testId="a00b1b54-06e7-ab44-24f8-6d75a28c2ff6" testName="Linux_file_picker_cancel_or_dismiss_should_complete_without_selection(1)" computerName="DESKTOP-QT4V7RG" duration="00:00:00.0118910" startTime="2026-08-10T10:03:55.5053230+02:00" endTime="2026-08-10T10:03:55.5172129+02:00" testType="13cdc9d9-ddb5-4fa4-a97d-d965ccfc6d4b" outcome="Passed" testListId="8c84fa94-04c1-424b-9868-57a2d4851a1d" relativeResultsDirectory="853c3c36-d2e1-47a2-a132-c00eeb295713" />
    <UnitTestResult executionId="19311344-98d6-4d0b-b502-4c36c0764247" testId="5128a30c-288a-4ad9-e958-9b7db6486653" testName="Picker_guard_reports_missing_Linux_portal_without_fallback" computerName="DESKTOP-QT4V7RG" duration="00:00:00.0006120" startTime="2026-08-10T10:03:55.5392546+02:00" endTime="2026-08-10T10:03:55.5398667+02:00" testType="13cdc9d9-ddb5-4fa4-a97d-d965ccfc6d4b" outcome="Passed" testListId="8c84fa94-04c1-424b-9868-57a2d4851a1d" relativeResultsDirectory="19311344-98d6-4d0b-b502-4c36c0764247" />
    <UnitTestResult executionId="9161d346-b037-46e6-8453-28d0f287b0e3" testId="9e87e10d-3bb8-c5ef-33b5-c9b6833cb5e3" testName="Every_product_picker_call_is_guarded_against_managed_Linux_fallback" computerName="DESKTOP-QT4V7RG" duration="00:00:00.1577280" startTime="2026-08-10T10:03:55.3474579+02:00" endTime="2026-08-10T10:03:55.5051858+02:00" testType="13cdc9d9-ddb5-4fa4-a97d-d965ccfc6d4b" outcome="Passed" testListId="8c84fa94-04c1-424b-9868-57a2d4851a1d" relativeResultsDirectory="9161d346-b037-46e6-8453-28d0f287b0e3" />
    <UnitTestResult executionId="a1fe40ed-1306-4fa7-88c1-c2d693a845f6" testId="1992254c-3174-52d2-eaaf-50796c811c80" testName="Launch_should_use_Terminal_app_on_macOS" computerName="DESKTOP-QT4V7RG" duration="00:00:00.0002790" startTime="2026-08-10T10:03:55.3452995+02:00" endTime="2026-08-10T10:03:55.3455785+02:00" testType="13cdc9d9-ddb5-4fa4-a97d-d965ccfc6d4b" outcome="Passed" testListId="8c84fa94-04c1-424b-9868-57a2d4851a1d" relativeResultsDirectory="a1fe40ed-1306-4fa7-88c1-c2d693a845f6" />
    <UnitTestResult executionId="e20cd39b-0e80-400b-930d-51d878266f5a" testId="5efe2dc3-fb23-1094-2c5c-2febea723bc2" testName="Linux_launches_route_to_xdg_desktop_portal(OpenAs,&quot;/tmp/file.txt&quot;)" computerName="DESKTOP-QT4V7RG" duration="00:00:00.0009350" startTime="2026-08-10T10:03:55.5243962+02:00" endTime="2026-08-10T10:03:55.5253309+02:00" testType="13cdc9d9-ddb5-4fa4-a97d-d965ccfc6d4b" outcome="Passed" testListId="8c84fa94-04c1-424b-9868-57a2d4851a1d" relativeResultsDirectory="e20cd39b-0e80-400b-930d-51d878266f5a" />
    <UnitTestResult executionId="65db3168-b04b-465d-b245-74a1dfb39c73" testId="471e10eb-0950-0617-b23a-acd1f9188237" testName="Launch_should_use_linux_fallback_order" computerName="DESKTOP-QT4V7RG" duration="00:00:00.0004270" startTime="2026-08-10T10:03:55.3448327+02:00" endTime="2026-08-10T10:03:55.3452600+02:00" testType="13cdc9d9-ddb5-4fa4-a97d-d965ccfc6d4b" outcome="Passed" testListId="8c84fa94-04c1-424b-9868-57a2d4851a1d" relativeResultsDirectory="65db3168-b04b-465d-b245-74a1dfb39c73" />
    <UnitTestResult executionId="b2146ff5-7546-46db-90f8-8da0c317c872" testId="26ab0664-b78d-457b-3195-452e2c4e0a3a" testName="NonLinux_picker_should_retain_native_storage_provider" computerName="DESKTOP-QT4V7RG" duration="00:00:00.0022230" startTime="2026-08-10T10:03:55.5349104+02:00" endTime="2026-08-10T10:03:55.5371330+02:00" testType="13cdc9d9-ddb5-4fa4-a97d-d965ccfc6d4b" outcome="Passed" testListId="8c84fa94-04c1-424b-9868-57a2d4851a1d" relativeResultsDirectory="b2146ff5-7546-46db-90f8-8da0c317c872" />
    <UnitTestResult executionId="3246328b-1a78-41bd-8ea2-ec01ba416107" testId="ceef9b93-0555-f1a3-28f7-4bece6214db3" testName="Gource_plugin_should_expose_its_icon_and_native_string_settings" computerName="DESKTOP-QT4V7RG" duration="00:00:00.0153380" startTime="2026-08-10T10:03:54.5511485+02:00" endTime="2026-08-10T10:03:54.5664855+02:00" testType="13cdc9d9-ddb5-4fa4-a97d-d965ccfc6d4b" outcome="Passed" testListId="8c84fa94-04c1-424b-9868-57a2d4851a1d" relativeResultsDirectory="3246328b-1a78-41bd-8ea2-ec01ba416107" />
    <UnitTestResult executionId="44f15f44-9363-401f-9840-9a0544d3e82c" testId="fc7fe3ff-b71b-5be8-fc71-ece4caef917c" testName="Gource_process_should_launch_without_a_shell_or_executable_quoting" computerName="DESKTOP-QT4V7RG" duration="00:00:00.0009540" startTime="2026-08-10T10:03:54.5671725+02:00" endTime="2026-08-10T10:03:54.5681266+02:00" testType="13cdc9d9-ddb5-4fa4-a97d-d965ccfc6d4b" outcome="Passed" testListId="8c84fa94-04c1-424b-9868-57a2d4851a1d" relativeResultsDirectory="44f15f44-9363-401f-9840-9a0544d3e82c" />
    <UnitTestResult executionId="d71594e5-8eb0-4803-bd19-17fdc17179fb" testId="55dc8244-1d31-9a65-fabf-d82299595606" testName="Linux_file_picker_cancel_or_dismiss_should_complete_without_selection(2)" computerName="DESKTOP-QT4V7RG" duration="00:00:00.0014670" startTime="2026-08-10T10:03:55.5173298+02:00" endTime="2026-08-10T10:03:55.5187968+02:00" testType="13cdc9d9-ddb5-4fa4-a97d-d965ccfc6d4b" outcome="Passed" testListId="8c84fa94-04c1-424b-9868-57a2d4851a1d" relativeResultsDirectory="d71594e5-8eb0-4803-bd19-17fdc17179fb" />
    <UnitTestResult executionId="e15661df-429f-4ae3-8f8f-4cd86f7d0b36" testId="3e056fe6-554c-0036-51bc-eca7a4924392" testName="Launch_should_open_windows_terminal_in_the_working_directory" computerName="DESKTOP-QT4V7RG" duration="00:00:00.0004010" startTime="2026-08-10T10:03:55.3367137+02:00" endTime="2026-08-10T10:03:55.3371149+02:00" testType="13cdc9d9-ddb5-4fa4-a97d-d965ccfc6d4b" outcome="Passed" testListId="8c84fa94-04c1-424b-9868-57a2d4851a1d" relativeResultsDirectory="e15661df-429f-4ae3-8f8f-4cd86f7d0b36" />
    <UnitTestResult executionId="58e79c54-6c6b-4888-b877-d7bdb59b3197" testId="a83b8c2b-a727-71a4-6451-576ff33c84bd" testName="Linux_launches_route_to_xdg_desktop_portal(OpenDirectory,&quot;/tmp/folder&quot;)" computerName="DESKTOP-QT4V7RG" duration="00:00:00.0000989" startTime="2026-08-10T10:03:55.5253796+02:00" endTime="2026-08-10T10:03:55.5254786+02:00" testType="13cdc9d9-ddb5-4fa4-a97d-d965ccfc6d4b" outcome="Passed" testListId="8c84fa94-04c1-424b-9868-57a2d4851a1d" relativeResultsDirectory="58e79c54-6c6b-4888-b877-d7bdb59b3197" />
    <UnitTestResult executionId="5e8d8cc0-8a34-452d-8eb3-24ddc3932767" testId="75bc2448-ab9c-17fb-22d9-854d8508393d" testName="FormBrowse_terminal_toolbar_button_should_launch_in_the_repository_working_directory" computerName="DESKTOP-QT4V7RG" duration="00:00:00.1329440" startTime="2026-08-10T10:03:55.2003184+02:00" endTime="2026-08-10T10:03:55.3332622+02:00" testType="13cdc9d9-ddb5-4fa4-a97d-d965ccfc6d4b" outcome="Passed" testListId="8c84fa94-04c1-424b-9868-57a2d4851a1d" relativeResultsDirectory="5e8d8cc0-8a34-452d-8eb3-24ddc3932767" />
    <UnitTestResult executionId="c6b73f5c-15b6-443f-8cfc-c096bb28f31f" testId="0fb6840a-3422-edbb-b09c-78ff794fcbf7" testName="FormBrowse_terminal_menu_and_toolbar_should_preserve_their_original_translation_keys" computerName="DESKTOP-QT4V7RG" duration="00:00:00.6302360" startTime="2026-08-10T10:03:54.5699976+02:00" endTime="2026-08-10T10:03:55.2002333+02:00" testType="13cdc9d9-ddb5-4fa4-a97d-d965ccfc6d4b" outcome="Passed" testListId="8c84fa94-04c1-424b-9868-57a2d4851a1d" relativeResultsDirectory="c6b73f5c-15b6-443f-8cfc-c096bb28f31f" />
    <UnitTestResult executionId="e43cc8d1-a5cd-46d5-9cc9-b51fab94f747" testId="b116552d-28c6-505f-ef63-377f69f5962f" testName="Launch_should_use_the_linux_desktop_default_terminal" computerName="DESKTOP-QT4V7RG" duration="00:00:00.0002790" startTime="2026-08-10T10:03:55.3456079+02:00" endTime="2026-08-10T10:03:55.3458870+02:00" testType="13cdc9d9-ddb5-4fa4-a97d-d965ccfc6d4b" outcome="Passed" testListId="8c84fa94-04c1-424b-9868-57a2d4851a1d" relativeResultsDirectory="e43cc8d1-a5cd-46d5-9cc9-b51fab94f747" />
    <UnitTestResult executionId="e3906484-a59c-415d-9421-31d4ea80e5f0" testId="e154d284-4f7f-533d-fe96-7328e2fdbc6f" testName="Gource_form_should_construct_with_original_layout_and_translation_keys" computerName="DESKTOP-QT4V7RG" duration="00:00:00.4999520" startTime="2026-08-10T10:03:54.0511223+02:00" endTime="2026-08-10T10:03:54.5510738+02:00" testType="13cdc9d9-ddb5-4fa4-a97d-d965ccfc6d4b" outcome="Passed" testListId="8c84fa94-04c1-424b-9868-57a2d4851a1d" relativeResultsDirectory="e3906484-a59c-415d-9421-31d4ea80e5f0" />
    <UnitTestResult executionId="f308a41f-d9c6-4b11-bca3-a8d6f9f64a13" testId="8ed0c270-8969-57ad-d597-726fe80f36ac" testName="Launch_should_prefer_the_configured_linux_terminal" computerName="DESKTOP-QT4V7RG" duration="00:00:00.0010480" startTime="2026-08-10T10:03:55.3371558+02:00" endTime="2026-08-10T10:03:55.3382038+02:00" testType="13cdc9d9-ddb5-4fa4-a97d-d965ccfc6d4b" outcome="Passed" testListId="8c84fa94-04c1-424b-9868-57a2d4851a1d" relativeResultsDirectory="f308a41f-d9c6-4b11-bca3-a8d6f9f64a13" />
    <UnitTestResult executionId="909af1b3-a0f2-4999-8772-a03d2046d7ca" testId="78e1c2f0-4814-bf33-32c3-8e39250ef75e" testName="Gource_plugin_should_offer_the_windows_archive_only_on_Windows" computerName="DESKTOP-QT4V7RG" duration="00:00:00.0005930" startTime="2026-08-10T10:03:54.5665398+02:00" endTime="2026-08-10T10:03:54.5671330+02:00" testType="13cdc9d9-ddb5-4fa4-a97d-d965ccfc6d4b" outcome="Passed" testListId="8c84fa94-04c1-424b-9868-57a2d4851a1d" relativeResultsDirectory="909af1b3-a0f2-4999-8772-a03d2046d7ca" />
    <UnitTestResult executionId="360cf87e-b3d8-4027-8f65-a5b226f4b758" testId="f6ff3d50-aac9-1126-88b3-474cca520086" testName="Linux_launches_route_to_xdg_desktop_portal(OpenUri,&quot;https://example.com&quot;)" computerName="DESKTOP-QT4V7RG" duration="00:00:00.0000300" startTime="2026-08-10T10:03:55.5255208+02:00" endTime="2026-08-10T10:03:55.5255506+02:00" testType="13cdc9d9-ddb5-4fa4-a97d-d965ccfc6d4b" outcome="Passed" testListId="8c84fa94-04c1-424b-9868-57a2d4851a1d" relativeResultsDirectory="360cf87e-b3d8-4027-8f65-a5b226f4b758" />
    <UnitTestResult executionId="aa00874a-ee0e-447d-bdf0-315049718e4f" testId="4620cb6c-b0a3-ce4c-6a6f-4124ce10988c" testName="IsLaunchAvailable_should_reject_host_executable_in_Flatpak(False,True)" computerName="DESKTOP-QT4V7RG" duration="00:00:00.0001010" startTime="2026-08-10T10:03:54.5682089+02:00" endTime="2026-08-10T10:03:54.5683103+02:00" testType="13cdc9d9-ddb5-4fa4-a97d-d965ccfc6d4b" outcome="Passed" testListId="8c84fa94-04c1-424b-9868-57a2d4851a1d" relativeResultsDirectory="aa00874a-ee0e-447d-bdf0-315049718e4f" />
    <UnitTestResult executionId="dd61ae64-bbba-4208-af9e-b66acbc3d23d" testId="06eb2462-3833-6e4e-077f-301c254cf365" testName="Linux_launches_route_to_xdg_desktop_portal(Open,&quot;/tmp/file.txt&quot;)" computerName="DESKTOP-QT4V7RG" duration="00:00:00.0054310" startTime="2026-08-10T10:03:55.5188976+02:00" endTime="2026-08-10T10:03:55.5243285+02:00" testType="13cdc9d9-ddb5-4fa4-a97d-d965ccfc6d4b" outcome="Passed" testListId="8c84fa94-04c1-424b-9868-57a2d4851a1d" relativeResultsDirectory="dd61ae64-bbba-4208-af9e-b66acbc3d23d" />
    <UnitTestResult executionId="1cdf561c-8636-4014-abb4-b3a2425b430f" testId="7fa1fea0-66e3-423b-fdf8-a9e8f0fbbe1c" testName="Picker_guard_allows_nonLinux_or_available_portal(False,False)" computerName="DESKTOP-QT4V7RG" duration="00:00:00.0004520" startTime="2026-08-10T10:03:55.5387486+02:00" endTime="2026-08-10T10:03:55.5392007+02:00" testType="13cdc9d9-ddb5-4fa4-a97d-d965ccfc6d4b" outcome="Passed" testListId="8c84fa94-04c1-424b-9868-57a2d4851a1d" relativeResultsDirectory="1cdf561c-8636-4014-abb4-b3a2425b430f" />
    <UnitTestResult executionId="16ba3955-a843-4fb5-ae3d-19195bbc6fae" testId="c005f8ff-2d91-7b7b-453f-a724418f7ff8" testName="Picker_guard_allows_nonLinux_or_available_portal(True,True)" computerName="DESKTOP-QT4V7RG" duration="00:00:00.0014890" startTime="2026-08-10T10:03:55.5372169+02:00" endTime="2026-08-10T10:03:55.5387053+02:00" testType="13cdc9d9-ddb5-4fa4-a97d-d965ccfc6d4b" outcome="Passed" testListId="8c84fa94-04c1-424b-9868-57a2d4851a1d" relativeResultsDirectory="16ba3955-a843-4fb5-ae3d-19195bbc6fae" />
    <UnitTestResult executionId="33410049-8b89-4d2e-887b-5e10e152e4b3" testId="d9dbaf23-b4ea-a0ae-4411-510948230600" testName="Launch_should_fall_back_to_cmd_on_windows" computerName="DESKTOP-QT4V7RG" duration="00:00:00.0033220" startTime="2026-08-10T10:03:55.3333205+02:00" endTime="2026-08-10T10:03:55.3366422+02:00" testType="13cdc9d9-ddb5-4fa4-a97d-d965ccfc6d4b" outcome="Passed" testListId="8c84fa94-04c1-424b-9868-57a2d4851a1d" relativeResultsDirectory="33410049-8b89-4d2e-887b-5e10e152e4b3" />
    <UnitTestResult executionId="f781d49b-f53a-48cd-ac2d-9a4b0062e30a" testId="ca3021f3-d048-b282-c9af-b3dd0540cbb5" testName="Avalonia_build_graph_should_include_every_bundled_plugin_project" computerName="DESKTOP-QT4V7RG" duration="00:00:00.0224960" startTime="2026-08-10T10:03:54.0277999+02:00" endTime="2026-08-10T10:03:54.0502645+02:00" testType="13cdc9d9-ddb5-4fa4-a97d-d965ccfc6d4b" outcome="Passed" testListId="8c84fa94-04c1-424b-9868-57a2d4851a1d" relativeResultsDirectory="f781d49b-f53a-48cd-ac2d-9a4b0062e30a" />
    <UnitTestResult executionId="731055a5-b101-4e75-972f-b6ed38333558" testId="86606170-31fa-b43e-0711-756eee4d5208" testName="Linux_open_file_picker_should_materialize_portal_selection" computerName="DESKTOP-QT4V7RG" duration="00:00:00.0084260" startTime="2026-08-10T10:03:55.5255643+02:00" endTime="2026-08-10T10:03:55.5339898+02:00" testType="13cdc9d9-ddb5-4fa4-a97d-d965ccfc6d4b" outcome="Passed" testListId="8c84fa94-04c1-424b-9868-57a2d4851a1d" relativeResultsDirectory="731055a5-b101-4e75-972f-b6ed38333558" />
    <UnitTestResult executionId="92ee8c97-4046-41c7-9985-504bb14a8426" testId="e428fee6-4320-d11a-707f-aef757ffdc54" testName="Missing_portal_is_reported_as_failed_launch" computerName="DESKTOP-QT4V7RG" duration="00:00:00.0008250" startTime="2026-08-10T10:03:55.5340651+02:00" endTime="2026-08-10T10:03:55.5348899+02:00" testType="13cdc9d9-ddb5-4fa4-a97d-d965ccfc6d4b" outcome="Passed" testListId="8c84fa94-04c1-424b-9868-57a2d4851a1d" relativeResultsDirectory="92ee8c97-4046-41c7-9985-504bb14a8426" />
    <UnitTestResult executionId="759d5c03-8113-4478-be4c-bc694f7f8f37" testId="ebedc43f-f51d-bceb-4a64-31a9cea4504c" testName="Launch_should_report_external_terminal_as_unavailable_in_Flatpak" computerName="DESKTOP-QT4V7RG" duration="00:00:00.0065360" startTime="2026-08-10T10:03:55.3382470+02:00" endTime="2026-08-10T10:03:55.3447826+02:00" testType="13cdc9d9-ddb5-4fa4-a97d-d965ccfc6d4b" outcome="Passed" testListId="8c84fa94-04c1-424b-9868-57a2d4851a1d" relativeResultsDirectory="759d5c03-8113-4478-be4c-bc694f7f8f37" />
  </Results>
  <TestDefinitions>
    <UnitTest name="Every_product_picker_call_is_guarded_against_managed_Linux_fallback" storage="/home/begota/src/gitextensions-wsl/artifacts/debug/bin/tests/unittests/gitui.avalonia.tests/net10.0/gitui.avalonia.tests.dll" id="9e87e10d-3bb8-c5ef-33b5-c9b6833cb5e3">
      <Execution id="9161d346-b037-46e6-8453-28d0f287b0e3" />
      <TestMethod codeBase="/home/begota/src/gitextensions-wsl/artifacts/Debug/bin/tests/UnitTests/GitUI.Avalonia.Tests/net10.0/GitUI.Avalonia.Tests.dll" adapterTypeName="executor://nunit3testexecutor/" className="GitUI.Avalonia.Tests.PortalShellTests" name="Every_product_picker_call_is_guarded_against_managed_Linux_fallback" />
    </UnitTest>
    <UnitTest name="Launch_should_report_external_terminal_as_unavailable_in_Flatpak" storage="/home/begota/src/gitextensions-wsl/artifacts/debug/bin/tests/unittests/gitui.avalonia.tests/net10.0/gitui.avalonia.tests.dll" id="ebedc43f-f51d-bceb-4a64-31a9cea4504c">
      <Execution id="759d5c03-8113-4478-be4c-bc694f7f8f37" />
      <TestMethod codeBase="/home/begota/src/gitextensions-wsl/artifacts/Debug/bin/tests/UnitTests/GitUI.Avalonia.Tests/net10.0/GitUI.Avalonia.Tests.dll" adapterTypeName="executor://nunit3testexecutor/" className="GitExtensionsTests.TerminalLauncherTests" name="Launch_should_report_external_terminal_as_unavailable_in_Flatpak" />
    </UnitTest>
    <UnitTest name="IsLaunchAvailable_should_reject_host_executable_in_Flatpak(True,False)" storage="/home/begota/src/gitextensions-wsl/artifacts/debug/bin/tests/unittests/gitui.avalonia.tests/net10.0/gitui.avalonia.tests.dll" id="3aa76433-1a96-5b6b-3f82-abfc6ae4373a">
      <Execution id="8b58b691-8e10-41f9-98ea-930a691dbbd4" />
      <TestMethod codeBase="/home/begota/src/gitextensions-wsl/artifacts/Debug/bin/tests/UnitTests/GitUI.Avalonia.Tests/net10.0/GitUI.Avalonia.Tests.dll" adapterTypeName="executor://nunit3testexecutor/" className="GitExtensionsTests.GourcePluginTests" name="IsLaunchAvailable_should_reject_host_executable_in_Flatpak(True,False)" />
    </UnitTest>
    <UnitTest name="Picker_guard_allows_nonLinux_or_available_portal(False,False)" storage="/home/begota/src/gitextensions-wsl/artifacts/debug/bin/tests/unittests/gitui.avalonia.tests/net10.0/gitui.avalonia.tests.dll" id="7fa1fea0-66e3-423b-fdf8-a9e8f0fbbe1c">
      <Execution id="1cdf561c-8636-4014-abb4-b3a2425b430f" />
      <TestMethod codeBase="/home/begota/src/gitextensions-wsl/artifacts/Debug/bin/tests/UnitTests/GitUI.Avalonia.Tests/net10.0/GitUI.Avalonia.Tests.dll" adapterTypeName="executor://nunit3testexecutor/" className="GitUI.Avalonia.Tests.PortalShellTests" name="Picker_guard_allows_nonLinux_or_available_portal(False,False)" />
    </UnitTest>
    <UnitTest name="Launch_should_use_the_linux_desktop_default_terminal" storage="/home/begota/src/gitextensions-wsl/artifacts/debug/bin/tests/unittests/gitui.avalonia.tests/net10.0/gitui.avalonia.tests.dll" id="b116552d-28c6-505f-ef63-377f69f5962f">
      <Execution id="e43cc8d1-a5cd-46d5-9cc9-b51fab94f747" />
      <TestMethod codeBase="/home/begota/src/gitextensions-wsl/artifacts/Debug/bin/tests/UnitTests/GitUI.Avalonia.Tests/net10.0/GitUI.Avalonia.Tests.dll" adapterTypeName="executor://nunit3testexecutor/" className="GitExtensionsTests.TerminalLauncherTests" name="Launch_should_use_the_linux_desktop_default_terminal" />
    </UnitTest>
    <UnitTest name="Linux_launches_route_to_xdg_desktop_portal(ShowInDirectory,&quot;/tmp/folder/file.txt&quot;)" storage="/home/begota/src/gitextensions-wsl/artifacts/debug/bin/tests/unittests/gitui.avalonia.tests/net10.0/gitui.avalonia.tests.dll" id="62294141-9585-874e-dbe9-243f990ef273">
      <Execution id="47b1ab9e-2917-47d2-902d-11cfa83435ed" />
      <TestMethod codeBase="/home/begota/src/gitextensions-wsl/artifacts/Debug/bin/tests/UnitTests/GitUI.Avalonia.Tests/net10.0/GitUI.Avalonia.Tests.dll" adapterTypeName="executor://nunit3testexecutor/" className="GitUI.Avalonia.Tests.PortalShellTests" name="Linux_launches_route_to_xdg_desktop_portal(ShowInDirectory,&quot;/tmp/folder/file.txt&quot;)" />
    </UnitTest>
    <UnitTest name="Missing_portal_is_reported_as_failed_launch" storage="/home/begota/src/gitextensions-wsl/artifacts/debug/bin/tests/unittests/gitui.avalonia.tests/net10.0/gitui.avalonia.tests.dll" id="e428fee6-4320-d11a-707f-aef757ffdc54">
      <Execution id="92ee8c97-4046-41c7-9985-504bb14a8426" />
      <TestMethod codeBase="/home/begota/src/gitextensions-wsl/artifacts/Debug/bin/tests/UnitTests/GitUI.Avalonia.Tests/net10.0/GitUI.Avalonia.Tests.dll" adapterTypeName="executor://nunit3testexecutor/" className="GitUI.Avalonia.Tests.PortalShellTests" name="Missing_portal_is_reported_as_failed_launch" />
    </UnitTest>
    <UnitTest name="IsLaunchAvailable_should_reject_host_executable_in_Flatpak(False,True)" storage="/home/begota/src/gitextensions-wsl/artifacts/debug/bin/tests/unittests/gitui.avalonia.tests/net10.0/gitui.avalonia.tests.dll" id="4620cb6c-b0a3-ce4c-6a6f-4124ce10988c">
      <Execution id="aa00874a-ee0e-447d-bdf0-315049718e4f" />
      <TestMethod codeBase="/home/begota/src/gitextensions-wsl/artifacts/Debug/bin/tests/UnitTests/GitUI.Avalonia.Tests/net10.0/GitUI.Avalonia.Tests.dll" adapterTypeName="executor://nunit3testexecutor/" className="GitExtensionsTests.GourcePluginTests" name="IsLaunchAvailable_should_reject_host_executable_in_Flatpak(False,True)" />
    </UnitTest>
    <UnitTest name="Gource_process_should_launch_without_a_shell_or_executable_quoting" storage="/home/begota/src/gitextensions-wsl/artifacts/debug/bin/tests/unittests/gitui.avalonia.tests/net10.0/gitui.avalonia.tests.dll" id="fc7fe3ff-b71b-5be8-fc71-ece4caef917c">
      <Execution id="44f15f44-9363-401f-9840-9a0544d3e82c" />
      <TestMethod codeBase="/home/begota/src/gitextensions-wsl/artifacts/Debug/bin/tests/UnitTests/GitUI.Avalonia.Tests/net10.0/GitUI.Avalonia.Tests.dll" adapterTypeName="executor://nunit3testexecutor/" className="GitExtensionsTests.GourcePluginTests" name="Gource_process_should_launch_without_a_shell_or_executable_quoting" />
    </UnitTest>
    <UnitTest name="Avalonia_build_graph_should_include_every_bundled_plugin_project" storage="/home/begota/src/gitextensions-wsl/artifacts/debug/bin/tests/unittests/gitui.avalonia.tests/net10.0/gitui.avalonia.tests.dll" id="ca3021f3-d048-b282-c9af-b3dd0540cbb5">
      <Execution id="f781d49b-f53a-48cd-ac2d-9a4b0062e30a" />
      <TestMethod codeBase="/home/begota/src/gitextensions-wsl/artifacts/Debug/bin/tests/UnitTests/GitUI.Avalonia.Tests/net10.0/GitUI.Avalonia.Tests.dll" adapterTypeName="executor://nunit3testexecutor/" className="GitExtensionsTests.GourcePluginTests" name="Avalonia_build_graph_should_include_every_bundled_plugin_project" />
    </UnitTest>
    <UnitTest name="Launch_should_use_linux_fallback_order" storage="/home/begota/src/gitextensions-wsl/artifacts/debug/bin/tests/unittests/gitui.avalonia.tests/net10.0/gitui.avalonia.tests.dll" id="471e10eb-0950-0617-b23a-acd1f9188237">
      <Execution id="65db3168-b04b-465d-b245-74a1dfb39c73" />
      <TestMethod codeBase="/home/begota/src/gitextensions-wsl/artifacts/Debug/bin/tests/UnitTests/GitUI.Avalonia.Tests/net10.0/GitUI.Avalonia.Tests.dll" adapterTypeName="executor://nunit3testexecutor/" className="GitExtensionsTests.TerminalLauncherTests" name="Launch_should_use_linux_fallback_order" />
    </UnitTest>
    <UnitTest name="Gource_plugin_should_expose_its_icon_and_native_string_settings" storage="/home/begota/src/gitextensions-wsl/artifacts/debug/bin/tests/unittests/gitui.avalonia.tests/net10.0/gitui.avalonia.tests.dll" id="ceef9b93-0555-f1a3-28f7-4bece6214db3">
      <Execution id="3246328b-1a78-41bd-8ea2-ec01ba416107" />
      <TestMethod codeBase="/home/begota/src/gitextensions-wsl/artifacts/Debug/bin/tests/UnitTests/GitUI.Avalonia.Tests/net10.0/GitUI.Avalonia.Tests.dll" adapterTypeName="executor://nunit3testexecutor/" className="GitExtensionsTests.GourcePluginTests" name="Gource_plugin_should_expose_its_icon_and_native_string_settings" />
    </UnitTest>
    <UnitTest name="Linux_launches_route_to_xdg_desktop_portal(OpenAs,&quot;/tmp/file.txt&quot;)" storage="/home/begota/src/gitextensions-wsl/artifacts/debug/bin/tests/unittests/gitui.avalonia.tests/net10.0/gitui.avalonia.tests.dll" id="5efe2dc3-fb23-1094-2c5c-2febea723bc2">
      <Execution id="e20cd39b-0e80-400b-930d-51d878266f5a" />
      <TestMethod codeBase="/home/begota/src/gitextensions-wsl/artifacts/Debug/bin/tests/UnitTests/GitUI.Avalonia.Tests/net10.0/GitUI.Avalonia.Tests.dll" adapterTypeName="executor://nunit3testexecutor/" className="GitUI.Avalonia.Tests.PortalShellTests" name="Linux_launches_route_to_xdg_desktop_portal(OpenAs,&quot;/tmp/file.txt&quot;)" />
    </UnitTest>
    <UnitTest name="FormBrowse_terminal_toolbar_button_should_launch_in_the_repository_working_directory" storage="/home/begota/src/gitextensions-wsl/artifacts/debug/bin/tests/unittests/gitui.avalonia.tests/net10.0/gitui.avalonia.tests.dll" id="75bc2448-ab9c-17fb-22d9-854d8508393d">
      <Execution id="5e8d8cc0-8a34-452d-8eb3-24ddc3932767" />
      <TestMethod codeBase="/home/begota/src/gitextensions-wsl/artifacts/Debug/bin/tests/UnitTests/GitUI.Avalonia.Tests/net10.0/GitUI.Avalonia.Tests.dll" adapterTypeName="executor://nunit3testexecutor/" className="GitExtensionsTests.TerminalLauncherTests" name="FormBrowse_terminal_toolbar_button_should_launch_in_the_repository_working_directory" />
    </UnitTest>
    <UnitTest name="Launch_should_use_Terminal_app_on_macOS" storage="/home/begota/src/gitextensions-wsl/artifacts/debug/bin/tests/unittests/gitui.avalonia.tests/net10.0/gitui.avalonia.tests.dll" id="1992254c-3174-52d2-eaaf-50796c811c80">
      <Execution id="a1fe40ed-1306-4fa7-88c1-c2d693a845f6" />
      <TestMethod codeBase="/home/begota/src/gitextensions-wsl/artifacts/Debug/bin/tests/UnitTests/GitUI.Avalonia.Tests/net10.0/GitUI.Avalonia.Tests.dll" adapterTypeName="executor://nunit3testexecutor/" className="GitExtensionsTests.TerminalLauncherTests" name="Launch_should_use_Terminal_app_on_macOS" />
    </UnitTest>
    <UnitTest name="FormBrowse_terminal_menu_and_toolbar_should_preserve_their_original_translation_keys" storage="/home/begota/src/gitextensions-wsl/artifacts/debug/bin/tests/unittests/gitui.avalonia.tests/net10.0/gitui.avalonia.tests.dll" id="0fb6840a-3422-edbb-b09c-78ff794fcbf7">
      <Execution id="c6b73f5c-15b6-443f-8cfc-c096bb28f31f" />
      <TestMethod codeBase="/home/begota/src/gitextensions-wsl/artifacts/Debug/bin/tests/UnitTests/GitUI.Avalonia.Tests/net10.0/GitUI.Avalonia.Tests.dll" adapterTypeName="executor://nunit3testexecutor/" className="GitExtensionsTests.TerminalLauncherTests" name="FormBrowse_terminal_menu_and_toolbar_should_preserve_their_original_translation_keys" />
    </UnitTest>
    <UnitTest name="Picker_guard_reports_missing_Linux_portal_without_fallback" storage="/home/begota/src/gitextensions-wsl/artifacts/debug/bin/tests/unittests/gitui.avalonia.tests/net10.0/gitui.avalonia.tests.dll" id="5128a30c-288a-4ad9-e958-9b7db6486653">
      <Execution id="19311344-98d6-4d0b-b502-4c36c0764247" />
      <TestMethod codeBase="/home/begota/src/gitextensions-wsl/artifacts/Debug/bin/tests/UnitTests/GitUI.Avalonia.Tests/net10.0/GitUI.Avalonia.Tests.dll" adapterTypeName="executor://nunit3testexecutor/" className="GitUI.Avalonia.Tests.PortalShellTests" name="Picker_guard_reports_missing_Linux_portal_without_fallback" />
    </UnitTest>
    <UnitTest name="Launch_should_fall_back_to_cmd_on_windows" storage="/home/begota/src/gitextensions-wsl/artifacts/debug/bin/tests/unittests/gitui.avalonia.tests/net10.0/gitui.avalonia.tests.dll" id="d9dbaf23-b4ea-a0ae-4411-510948230600">
      <Execution id="33410049-8b89-4d2e-887b-5e10e152e4b3" />
      <TestMethod codeBase="/home/begota/src/gitextensions-wsl/artifacts/Debug/bin/tests/UnitTests/GitUI.Avalonia.Tests/net10.0/GitUI.Avalonia.Tests.dll" adapterTypeName="executor://nunit3testexecutor/" className="GitExtensionsTests.TerminalLauncherTests" name="Launch_should_fall_back_to_cmd_on_windows" />
    </UnitTest>
    <UnitTest name="Gource_plugin_should_offer_the_windows_archive_only_on_Windows" storage="/home/begota/src/gitextensions-wsl/artifacts/debug/bin/tests/unittests/gitui.avalonia.tests/net10.0/gitui.avalonia.tests.dll" id="78e1c2f0-4814-bf33-32c3-8e39250ef75e">
      <Execution id="909af1b3-a0f2-4999-8772-a03d2046d7ca" />
      <TestMethod codeBase="/home/begota/src/gitextensions-wsl/artifacts/Debug/bin/tests/UnitTests/GitUI.Avalonia.Tests/net10.0/GitUI.Avalonia.Tests.dll" adapterTypeName="executor://nunit3testexecutor/" className="GitExtensionsTests.GourcePluginTests" name="Gource_plugin_should_offer_the_windows_archive_only_on_Windows" />
    </UnitTest>
    <UnitTest name="Linux_file_picker_cancel_or_dismiss_should_complete_without_selection(2)" storage="/home/begota/src/gitextensions-wsl/artifacts/debug/bin/tests/unittests/gitui.avalonia.tests/net10.0/gitui.avalonia.tests.dll" id="55dc8244-1d31-9a65-fabf-d82299595606">
      <Execution id="d71594e5-8eb0-4803-bd19-17fdc17179fb" />
      <TestMethod codeBase="/home/begota/src/gitextensions-wsl/artifacts/Debug/bin/tests/UnitTests/GitUI.Avalonia.Tests/net10.0/GitUI.Avalonia.Tests.dll" adapterTypeName="executor://nunit3testexecutor/" className="GitUI.Avalonia.Tests.PortalShellTests" name="Linux_file_picker_cancel_or_dismiss_should_complete_without_selection(2)" />
    </UnitTest>
    <UnitTest name="Linux_launches_route_to_xdg_desktop_portal(Open,&quot;/tmp/file.txt&quot;)" storage="/home/begota/src/gitextensions-wsl/artifacts/debug/bin/tests/unittests/gitui.avalonia.tests/net10.0/gitui.avalonia.tests.dll" id="06eb2462-3833-6e4e-077f-301c254cf365">
      <Execution id="dd61ae64-bbba-4208-af9e-b66acbc3d23d" />
      <TestMethod codeBase="/home/begota/src/gitextensions-wsl/artifacts/Debug/bin/tests/UnitTests/GitUI.Avalonia.Tests/net10.0/GitUI.Avalonia.Tests.dll" adapterTypeName="executor://nunit3testexecutor/" className="GitUI.Avalonia.Tests.PortalShellTests" name="Linux_launches_route_to_xdg_desktop_portal(Open,&quot;/tmp/file.txt&quot;)" />
    </UnitTest>
    <UnitTest name="SanitizeLinuxEnvironment_should_remove_snap_toolkit_overrides_and_restore_XDG_paths" storage="/home/begota/src/gitextensions-wsl/artifacts/debug/bin/tests/unittests/gitui.avalonia.tests/net10.0/gitui.avalonia.tests.dll" id="fb3591ad-f934-01a5-6f20-8c267c26a0f1">
      <Execution id="ccc98e5a-d659-4eb3-9bbc-1c0117c027d9" />
      <TestMethod codeBase="/home/begota/src/gitextensions-wsl/artifacts/Debug/bin/tests/UnitTests/GitUI.Avalonia.Tests/net10.0/GitUI.Avalonia.Tests.dll" adapterTypeName="executor://nunit3testexecutor/" className="GitExtensionsTests.TerminalLauncherTests" name="SanitizeLinuxEnvironment_should_remove_snap_toolkit_overrides_and_restore_XDG_paths" />
    </UnitTest>
    <UnitTest name="Launch_should_prefer_the_configured_linux_terminal" storage="/home/begota/src/gitextensions-wsl/artifacts/debug/bin/tests/unittests/gitui.avalonia.tests/net10.0/gitui.avalonia.tests.dll" id="8ed0c270-8969-57ad-d597-726fe80f36ac">
      <Execution id="f308a41f-d9c6-4b11-bca3-a8d6f9f64a13" />
      <TestMethod codeBase="/home/begota/src/gitextensions-wsl/artifacts/Debug/bin/tests/UnitTests/GitUI.Avalonia.Tests/net10.0/GitUI.Avalonia.Tests.dll" adapterTypeName="executor://nunit3testexecutor/" className="GitExtensionsTests.TerminalLauncherTests" name="Launch_should_prefer_the_configured_linux_terminal" />
    </UnitTest>
    <UnitTest name="NonLinux_picker_should_retain_native_storage_provider" storage="/home/begota/src/gitextensions-wsl/artifacts/debug/bin/tests/unittests/gitui.avalonia.tests/net10.0/gitui.avalonia.tests.dll" id="26ab0664-b78d-457b-3195-452e2c4e0a3a">
      <Execution id="b2146ff5-7546-46db-90f8-8da0c317c872" />
      <TestMethod codeBase="/home/begota/src/gitextensions-wsl/artifacts/Debug/bin/tests/UnitTests/GitUI.Avalonia.Tests/net10.0/GitUI.Avalonia.Tests.dll" adapterTypeName="executor://nunit3testexecutor/" className="GitUI.Avalonia.Tests.PortalShellTests" name="NonLinux_picker_should_retain_native_storage_provider" />
    </UnitTest>
    <UnitTest name="Linux_open_file_picker_should_materialize_portal_selection" storage="/home/begota/src/gitextensions-wsl/artifacts/debug/bin/tests/unittests/gitui.avalonia.tests/net10.0/gitui.avalonia.tests.dll" id="86606170-31fa-b43e-0711-756eee4d5208">
      <Execution id="731055a5-b101-4e75-972f-b6ed38333558" />
      <TestMethod codeBase="/home/begota/src/gitextensions-wsl/artifacts/Debug/bin/tests/UnitTests/GitUI.Avalonia.Tests/net10.0/GitUI.Avalonia.Tests.dll" adapterTypeName="executor://nunit3testexecutor/" className="GitUI.Avalonia.Tests.PortalShellTests" name="Linux_open_file_picker_should_materialize_portal_selection" />
    </UnitTest>
    <UnitTest name="Linux_file_picker_cancel_or_dismiss_should_complete_without_selection(1)" storage="/home/begota/src/gitextensions-wsl/artifacts/debug/bin/tests/unittests/gitui.avalonia.tests/net10.0/gitui.avalonia.tests.dll" id="a00b1b54-06e7-ab44-24f8-6d75a28c2ff6">
      <Execution id="853c3c36-d2e1-47a2-a132-c00eeb295713" />
      <TestMethod codeBase="/home/begota/src/gitextensions-wsl/artifacts/Debug/bin/tests/UnitTests/GitUI.Avalonia.Tests/net10.0/GitUI.Avalonia.Tests.dll" adapterTypeName="executor://nunit3testexecutor/" className="GitUI.Avalonia.Tests.PortalShellTests" name="Linux_file_picker_cancel_or_dismiss_should_complete_without_selection(1)" />
    </UnitTest>
    <UnitTest name="Launch_should_open_windows_terminal_in_the_working_directory" storage="/home/begota/src/gitextensions-wsl/artifacts/debug/bin/tests/unittests/gitui.avalonia.tests/net10.0/gitui.avalonia.tests.dll" id="3e056fe6-554c-0036-51bc-eca7a4924392">
      <Execution id="e15661df-429f-4ae3-8f8f-4cd86f7d0b36" />
      <TestMethod codeBase="/home/begota/src/gitextensions-wsl/artifacts/Debug/bin/tests/UnitTests/GitUI.Avalonia.Tests/net10.0/GitUI.Avalonia.Tests.dll" adapterTypeName="executor://nunit3testexecutor/" className="GitExtensionsTests.TerminalLauncherTests" name="Launch_should_open_windows_terminal_in_the_working_directory" />
    </UnitTest>
    <UnitTest name="Picker_guard_allows_nonLinux_or_available_portal(True,True)" storage="/home/begota/src/gitextensions-wsl/artifacts/debug/bin/tests/unittests/gitui.avalonia.tests/net10.0/gitui.avalonia.tests.dll" id="c005f8ff-2d91-7b7b-453f-a724418f7ff8">
      <Execution id="16ba3955-a843-4fb5-ae3d-19195bbc6fae" />
      <TestMethod codeBase="/home/begota/src/gitextensions-wsl/artifacts/Debug/bin/tests/UnitTests/GitUI.Avalonia.Tests/net10.0/GitUI.Avalonia.Tests.dll" adapterTypeName="executor://nunit3testexecutor/" className="GitUI.Avalonia.Tests.PortalShellTests" name="Picker_guard_allows_nonLinux_or_available_portal(True,True)" />
    </UnitTest>
    <UnitTest name="Gource_form_should_construct_with_original_layout_and_translation_keys" storage="/home/begota/src/gitextensions-wsl/artifacts/debug/bin/tests/unittests/gitui.avalonia.tests/net10.0/gitui.avalonia.tests.dll" id="e154d284-4f7f-533d-fe96-7328e2fdbc6f">
      <Execution id="e3906484-a59c-415d-9421-31d4ea80e5f0" />
      <TestMethod codeBase="/home/begota/src/gitextensions-wsl/artifacts/Debug/bin/tests/UnitTests/GitUI.Avalonia.Tests/net10.0/GitUI.Avalonia.Tests.dll" adapterTypeName="executor://nunit3testexecutor/" className="GitExtensionsTests.GourcePluginTests" name="Gource_form_should_construct_with_original_layout_and_translation_keys" />
    </UnitTest>
    <UnitTest name="Linux_launches_route_to_xdg_desktop_portal(OpenUri,&quot;https://example.com&quot;)" storage="/home/begota/src/gitextensions-wsl/artifacts/debug/bin/tests/unittests/gitui.avalonia.tests/net10.0/gitui.avalonia.tests.dll" id="f6ff3d50-aac9-1126-88b3-474cca520086">
      <Execution id="360cf87e-b3d8-4027-8f65-a5b226f4b758" />
      <TestMethod codeBase="/home/begota/src/gitextensions-wsl/artifacts/Debug/bin/tests/UnitTests/GitUI.Avalonia.Tests/net10.0/GitUI.Avalonia.Tests.dll" adapterTypeName="executor://nunit3testexecutor/" className="GitUI.Avalonia.Tests.PortalShellTests" name="Linux_launches_route_to_xdg_desktop_portal(OpenUri,&quot;https://example.com&quot;)" />
    </UnitTest>
    <UnitTest name="Linux_launches_route_to_xdg_desktop_portal(OpenDirectory,&quot;/tmp/folder&quot;)" storage="/home/begota/src/gitextensions-wsl/artifacts/debug/bin/tests/unittests/gitui.avalonia.tests/net10.0/gitui.avalonia.tests.dll" id="a83b8c2b-a727-71a4-6451-576ff33c84bd">
      <Execution id="58e79c54-6c6b-4888-b877-d7bdb59b3197" />
      <TestMethod codeBase="/home/begota/src/gitextensions-wsl/artifacts/Debug/bin/tests/UnitTests/GitUI.Avalonia.Tests/net10.0/GitUI.Avalonia.Tests.dll" adapterTypeName="executor://nunit3testexecutor/" className="GitUI.Avalonia.Tests.PortalShellTests" name="Linux_launches_route_to_xdg_desktop_portal(OpenDirectory,&quot;/tmp/folder&quot;)" />
    </UnitTest>
  </TestDefinitions>
  <TestEntries>
    <TestEntry testId="62294141-9585-874e-dbe9-243f990ef273" executionId="47b1ab9e-2917-47d2-902d-11cfa83435ed" testListId="8c84fa94-04c1-424b-9868-57a2d4851a1d" />
    <TestEntry testId="3aa76433-1a96-5b6b-3f82-abfc6ae4373a" executionId="8b58b691-8e10-41f9-98ea-930a691dbbd4" testListId="8c84fa94-04c1-424b-9868-57a2d4851a1d" />
    <TestEntry testId="fb3591ad-f934-01a5-6f20-8c267c26a0f1" executionId="ccc98e5a-d659-4eb3-9bbc-1c0117c027d9" testListId="8c84fa94-04c1-424b-9868-57a2d4851a1d" />
    <TestEntry testId="a00b1b54-06e7-ab44-24f8-6d75a28c2ff6" executionId="853c3c36-d2e1-47a2-a132-c00eeb295713" testListId="8c84fa94-04c1-424b-9868-57a2d4851a1d" />
    <TestEntry testId="5128a30c-288a-4ad9-e958-9b7db6486653" executionId="19311344-98d6-4d0b-b502-4c36c0764247" testListId="8c84fa94-04c1-424b-9868-57a2d4851a1d" />
    <TestEntry testId="9e87e10d-3bb8-c5ef-33b5-c9b6833cb5e3" executionId="9161d346-b037-46e6-8453-28d0f287b0e3" testListId="8c84fa94-04c1-424b-9868-57a2d4851a1d" />
    <TestEntry testId="1992254c-3174-52d2-eaaf-50796c811c80" executionId="a1fe40ed-1306-4fa7-88c1-c2d693a845f6" testListId="8c84fa94-04c1-424b-9868-57a2d4851a1d" />
    <TestEntry testId="5efe2dc3-fb23-1094-2c5c-2febea723bc2" executionId="e20cd39b-0e80-400b-930d-51d878266f5a" testListId="8c84fa94-04c1-424b-9868-57a2d4851a1d" />
    <TestEntry testId="471e10eb-0950-0617-b23a-acd1f9188237" executionId="65db3168-b04b-465d-b245-74a1dfb39c73" testListId="8c84fa94-04c1-424b-9868-57a2d4851a1d" />
    <TestEntry testId="26ab0664-b78d-457b-3195-452e2c4e0a3a" executionId="b2146ff5-7546-46db-90f8-8da0c317c872" testListId="8c84fa94-04c1-424b-9868-57a2d4851a1d" />
    <TestEntry testId="ceef9b93-0555-f1a3-28f7-4bece6214db3" executionId="3246328b-1a78-41bd-8ea2-ec01ba416107" testListId="8c84fa94-04c1-424b-9868-57a2d4851a1d" />
    <TestEntry testId="fc7fe3ff-b71b-5be8-fc71-ece4caef917c" executionId="44f15f44-9363-401f-9840-9a0544d3e82c" testListId="8c84fa94-04c1-424b-9868-57a2d4851a1d" />
    <TestEntry testId="55dc8244-1d31-9a65-fabf-d82299595606" executionId="d71594e5-8eb0-4803-bd19-17fdc17179fb" testListId="8c84fa94-04c1-424b-9868-57a2d4851a1d" />
    <TestEntry testId="3e056fe6-554c-0036-51bc-eca7a4924392" executionId="e15661df-429f-4ae3-8f8f-4cd86f7d0b36" testListId="8c84fa94-04c1-424b-9868-57a2d4851a1d" />
    <TestEntry testId="a83b8c2b-a727-71a4-6451-576ff33c84bd" executionId="58e79c54-6c6b-4888-b877-d7bdb59b3197" testListId="8c84fa94-04c1-424b-9868-57a2d4851a1d" />
    <TestEntry testId="75bc2448-ab9c-17fb-22d9-854d8508393d" executionId="5e8d8cc0-8a34-452d-8eb3-24ddc3932767" testListId="8c84fa94-04c1-424b-9868-57a2d4851a1d" />
    <TestEntry testId="0fb6840a-3422-edbb-b09c-78ff794fcbf7" executionId="c6b73f5c-15b6-443f-8cfc-c096bb28f31f" testListId="8c84fa94-04c1-424b-9868-57a2d4851a1d" />
    <TestEntry testId="b116552d-28c6-505f-ef63-377f69f5962f" executionId="e43cc8d1-a5cd-46d5-9cc9-b51fab94f747" testListId="8c84fa94-04c1-424b-9868-57a2d4851a1d" />
    <TestEntry testId="e154d284-4f7f-533d-fe96-7328e2fdbc6f" executionId="e3906484-a59c-415d-9421-31d4ea80e5f0" testListId="8c84fa94-04c1-424b-9868-57a2d4851a1d" />
    <TestEntry testId="8ed0c270-8969-57ad-d597-726fe80f36ac" executionId="f308a41f-d9c6-4b11-bca3-a8d6f9f64a13" testListId="8c84fa94-04c1-424b-9868-57a2d4851a1d" />
    <TestEntry testId="78e1c2f0-4814-bf33-32c3-8e39250ef75e" executionId="909af1b3-a0f2-4999-8772-a03d2046d7ca" testListId="8c84fa94-04c1-424b-9868-57a2d4851a1d" />
    <TestEntry testId="f6ff3d50-aac9-1126-88b3-474cca520086" executionId="360cf87e-b3d8-4027-8f65-a5b226f4b758" testListId="8c84fa94-04c1-424b-9868-57a2d4851a1d" />
    <TestEntry testId="4620cb6c-b0a3-ce4c-6a6f-4124ce10988c" executionId="aa00874a-ee0e-447d-bdf0-315049718e4f" testListId="8c84fa94-04c1-424b-9868-57a2d4851a1d" />
    <TestEntry testId="06eb2462-3833-6e4e-077f-301c254cf365" executionId="dd61ae64-bbba-4208-af9e-b66acbc3d23d" testListId="8c84fa94-04c1-424b-9868-57a2d4851a1d" />
    <TestEntry testId="7fa1fea0-66e3-423b-fdf8-a9e8f0fbbe1c" executionId="1cdf561c-8636-4014-abb4-b3a2425b430f" testListId="8c84fa94-04c1-424b-9868-57a2d4851a1d" />
    <TestEntry testId="c005f8ff-2d91-7b7b-453f-a724418f7ff8" executionId="16ba3955-a843-4fb5-ae3d-19195bbc6fae" testListId="8c84fa94-04c1-424b-9868-57a2d4851a1d" />
    <TestEntry testId="d9dbaf23-b4ea-a0ae-4411-510948230600" executionId="33410049-8b89-4d2e-887b-5e10e152e4b3" testListId="8c84fa94-04c1-424b-9868-57a2d4851a1d" />
    <TestEntry testId="ca3021f3-d048-b282-c9af-b3dd0540cbb5" executionId="f781d49b-f53a-48cd-ac2d-9a4b0062e30a" testListId="8c84fa94-04c1-424b-9868-57a2d4851a1d" />
    <TestEntry testId="86606170-31fa-b43e-0711-756eee4d5208" executionId="731055a5-b101-4e75-972f-b6ed38333558" testListId="8c84fa94-04c1-424b-9868-57a2d4851a1d" />
    <TestEntry testId="e428fee6-4320-d11a-707f-aef757ffdc54" executionId="92ee8c97-4046-41c7-9985-504bb14a8426" testListId="8c84fa94-04c1-424b-9868-57a2d4851a1d" />
    <TestEntry testId="ebedc43f-f51d-bceb-4a64-31a9cea4504c" executionId="759d5c03-8113-4478-be4c-bc694f7f8f37" testListId="8c84fa94-04c1-424b-9868-57a2d4851a1d" />
  </TestEntries>
  <TestLists>
    <TestList name="Results Not in a List" id="8c84fa94-04c1-424b-9868-57a2d4851a1d" />
    <TestList name="All Loaded Results" id="19431567-8539-422a-85d7-44ee4e166bda" />
  </TestLists>
  <ResultSummary outcome="Completed">
    <Counters total="31" executed="31" passed="31" failed="0" error="0" timeout="0" aborted="0" inconclusive="0" passedButRunAborted="0" notRunnable="0" notExecuted="0" disconnected="0" warning="0" completed="0" inProgress="0" pending="0" />
    <Output>
      <StdOut>NUnit Adapter 5.0.0.0: Test execution started
Running selected tests in /home/begota/src/gitextensions-wsl/artifacts/Debug/bin/tests/UnitTests/GitUI.Avalonia.Tests/net10.0/GitUI.Avalonia.Tests.dll
   NUnit3TestExecutor discovered 31 of 31 NUnit test cases using Current Discovery mode, Non-Explicit run
NUnit Adapter 5.0.0.0: Test execution complete
</StdOut>
    </Output>
  </ResultSummary>
</TestRun>