<?xml version="1.0" encoding="utf-8"?>
<TestRun id="16cac0f8-94cf-40a1-93f1-1baf815e93e8" name="Begota@DESKTOP-QT4V7RG 2026-08-09 23:50:23" runUser="DESKTOP-QT4V7RG\Begota" xmlns="http://microsoft.com/schemas/VisualStudio/TeamTest/2010">
  <Times creation="2026-08-09T23:50:23.6231646+02:00" queuing="2026-08-09T23:50:23.6231656+02:00" start="2026-08-09T23:50:21.6717167+02:00" finish="2026-08-09T23:50:24.5778645+02:00" />
  <TestSettings name="default" id="f211b24c-9f9c-454f-931e-ff977b1af4dd">
    <Deployment runDeploymentRoot="Begota_DESKTOP-QT4V7RG_2026-08-09_23_50_23" />
  </TestSettings>
  <Results>
    <UnitTestResult executionId="3e446e5f-0294-4e15-8bf8-5bc052d43309" testId="471e10eb-0950-0617-b23a-acd1f9188237" testName="Launch_should_use_linux_fallback_order" computerName="DESKTOP-QT4V7RG" duration="00:00:00.0007150" startTime="2026-08-09T23:50:24.3533621+02:00" endTime="2026-08-09T23:50:24.3540769+02:00" testType="13cdc9d9-ddb5-4fa4-a97d-d965ccfc6d4b" outcome="Passed" testListId="8c84fa94-04c1-424b-9868-57a2d4851a1d" relativeResultsDirectory="3e446e5f-0294-4e15-8bf8-5bc052d43309" />
    <UnitTestResult executionId="4110d948-bb14-45a1-b05e-27163d0e58c6" testId="86606170-31fa-b43e-0711-756eee4d5208" testName="Linux_open_file_picker_should_materialize_portal_selection" computerName="DESKTOP-QT4V7RG" duration="00:00:00.0105700" startTime="2026-08-09T23:50:24.4818442+02:00" endTime="2026-08-09T23:50:24.4924130+02:00" testType="13cdc9d9-ddb5-4fa4-a97d-d965ccfc6d4b" outcome="Passed" testListId="8c84fa94-04c1-424b-9868-57a2d4851a1d" relativeResultsDirectory="4110d948-bb14-45a1-b05e-27163d0e58c6" />
    <UnitTestResult executionId="a8efd463-612d-49b0-a74f-af10a9304d48" testId="f6ff3d50-aac9-1126-88b3-474cca520086" testName="Linux_launches_route_to_xdg_desktop_portal(OpenUri,&quot;https://example.com&quot;)" computerName="DESKTOP-QT4V7RG" duration="00:00:00.0000550" startTime="2026-08-09T23:50:24.4817714+02:00" endTime="2026-08-09T23:50:24.4818259+02:00" testType="13cdc9d9-ddb5-4fa4-a97d-d965ccfc6d4b" outcome="Passed" testListId="8c84fa94-04c1-424b-9868-57a2d4851a1d" relativeResultsDirectory="a8efd463-612d-49b0-a74f-af10a9304d48" />
    <UnitTestResult executionId="4c163d92-5772-4ef0-8f41-967abc4c5f7d" testId="06eb2462-3833-6e4e-077f-301c254cf365" testName="Linux_launches_route_to_xdg_desktop_portal(Open,&quot;/tmp/file.txt&quot;)" computerName="DESKTOP-QT4V7RG" duration="00:00:00.0049740" startTime="2026-08-09T23:50:24.4756417+02:00" endTime="2026-08-09T23:50:24.4806150+02:00" testType="13cdc9d9-ddb5-4fa4-a97d-d965ccfc6d4b" outcome="Passed" testListId="8c84fa94-04c1-424b-9868-57a2d4851a1d" relativeResultsDirectory="4c163d92-5772-4ef0-8f41-967abc4c5f7d" />
    <UnitTestResult executionId="4484627b-a2e8-4de4-9fca-1e93c2ca0606" testId="e154d284-4f7f-533d-fe96-7328e2fdbc6f" testName="Gource_form_should_construct_with_original_layout_and_translation_keys" computerName="DESKTOP-QT4V7RG" duration="00:00:00.6680250" startTime="2026-08-09T23:50:22.6982786+02:00" endTime="2026-08-09T23:50:23.3663028+02:00" testType="13cdc9d9-ddb5-4fa4-a97d-d965ccfc6d4b" outcome="Passed" testListId="8c84fa94-04c1-424b-9868-57a2d4851a1d" relativeResultsDirectory="4484627b-a2e8-4de4-9fca-1e93c2ca0606" />
    <UnitTestResult executionId="38fe8bac-4d14-439e-978a-7c0abfcb6381" testId="e428fee6-4320-d11a-707f-aef757ffdc54" testName="Missing_portal_is_reported_as_failed_launch" computerName="DESKTOP-QT4V7RG" duration="00:00:00.0009040" startTime="2026-08-09T23:50:24.4924559+02:00" endTime="2026-08-09T23:50:24.4933596+02:00" testType="13cdc9d9-ddb5-4fa4-a97d-d965ccfc6d4b" outcome="Passed" testListId="8c84fa94-04c1-424b-9868-57a2d4851a1d" relativeResultsDirectory="38fe8bac-4d14-439e-978a-7c0abfcb6381" />
    <UnitTestResult executionId="bcea89c1-1b93-49ba-b81c-47bbabbc7045" testId="0fb6840a-3422-edbb-b09c-78ff794fcbf7" testName="FormBrowse_terminal_menu_and_toolbar_should_preserve_their_original_translation_keys" computerName="DESKTOP-QT4V7RG" duration="00:00:00.7689190" startTime="2026-08-09T23:50:23.3911959+02:00" endTime="2026-08-09T23:50:24.1601141+02:00" testType="13cdc9d9-ddb5-4fa4-a97d-d965ccfc6d4b" outcome="Passed" testListId="8c84fa94-04c1-424b-9868-57a2d4851a1d" relativeResultsDirectory="bcea89c1-1b93-49ba-b81c-47bbabbc7045" />
    <UnitTestResult executionId="202f9200-dae7-4cd7-b07b-a642db4a8544" testId="5128a30c-288a-4ad9-e958-9b7db6486653" testName="Picker_guard_reports_missing_Linux_portal_without_fallback" computerName="DESKTOP-QT4V7RG" duration="00:00:00.0016310" startTime="2026-08-09T23:50:24.5002707+02:00" endTime="2026-08-09T23:50:24.5019011+02:00" testType="13cdc9d9-ddb5-4fa4-a97d-d965ccfc6d4b" outcome="Passed" testListId="8c84fa94-04c1-424b-9868-57a2d4851a1d" relativeResultsDirectory="202f9200-dae7-4cd7-b07b-a642db4a8544" />
    <UnitTestResult executionId="d49923cf-6923-4419-932b-1658de3e0d0f" testId="ceef9b93-0555-f1a3-28f7-4bece6214db3" testName="Gource_plugin_should_expose_its_icon_and_native_string_settings" computerName="DESKTOP-QT4V7RG" duration="00:00:00.0212560" startTime="2026-08-09T23:50:23.3663610+02:00" endTime="2026-08-09T23:50:23.3876160+02:00" testType="13cdc9d9-ddb5-4fa4-a97d-d965ccfc6d4b" outcome="Passed" testListId="8c84fa94-04c1-424b-9868-57a2d4851a1d" relativeResultsDirectory="d49923cf-6923-4419-932b-1658de3e0d0f" />
    <UnitTestResult executionId="58563f56-402f-4c2d-8c5e-0af781de507f" testId="62294141-9585-874e-dbe9-243f990ef273" testName="Linux_launches_route_to_xdg_desktop_portal(ShowInDirectory,&quot;/tmp/folder/file.txt&quot;)" computerName="DESKTOP-QT4V7RG" duration="00:00:00.0000670" startTime="2026-08-09T23:50:24.4816988+02:00" endTime="2026-08-09T23:50:24.4817660+02:00" testType="13cdc9d9-ddb5-4fa4-a97d-d965ccfc6d4b" outcome="Passed" testListId="8c84fa94-04c1-424b-9868-57a2d4851a1d" relativeResultsDirectory="58563f56-402f-4c2d-8c5e-0af781de507f" />
    <UnitTestResult executionId="444e0e66-8e30-4fc5-8263-3198905b2f50" testId="b116552d-28c6-505f-ef63-377f69f5962f" testName="Launch_should_use_the_linux_desktop_default_terminal" computerName="DESKTOP-QT4V7RG" duration="00:00:00.0004320" startTime="2026-08-09T23:50:24.3545118+02:00" endTime="2026-08-09T23:50:24.3549439+02:00" testType="13cdc9d9-ddb5-4fa4-a97d-d965ccfc6d4b" outcome="Passed" testListId="8c84fa94-04c1-424b-9868-57a2d4851a1d" relativeResultsDirectory="444e0e66-8e30-4fc5-8263-3198905b2f50" />
    <UnitTestResult executionId="f35af0da-7a80-44e2-a43f-98f647c86211" testId="c005f8ff-2d91-7b7b-453f-a724418f7ff8" testName="Picker_guard_allows_nonLinux_or_available_portal(True,True)" computerName="DESKTOP-QT4V7RG" duration="00:00:00.0029010" startTime="2026-08-09T23:50:24.4966933+02:00" endTime="2026-08-09T23:50:24.4995936+02:00" testType="13cdc9d9-ddb5-4fa4-a97d-d965ccfc6d4b" outcome="Passed" testListId="8c84fa94-04c1-424b-9868-57a2d4851a1d" relativeResultsDirectory="f35af0da-7a80-44e2-a43f-98f647c86211" />
    <UnitTestResult executionId="2b7c80e0-e530-4a8a-8ac1-1d706725af63" testId="75bc2448-ab9c-17fb-22d9-854d8508393d" testName="FormBrowse_terminal_toolbar_button_should_launch_in_the_repository_working_directory" computerName="DESKTOP-QT4V7RG" duration="00:00:00.1791140" startTime="2026-08-09T23:50:24.1601477+02:00" endTime="2026-08-09T23:50:24.3392611+02:00" testType="13cdc9d9-ddb5-4fa4-a97d-d965ccfc6d4b" outcome="Passed" testListId="8c84fa94-04c1-424b-9868-57a2d4851a1d" relativeResultsDirectory="2b7c80e0-e530-4a8a-8ac1-1d706725af63" />
    <UnitTestResult executionId="25fcdc70-c638-4388-b401-b02af4968d21" testId="ebedc43f-f51d-bceb-4a64-31a9cea4504c" testName="Launch_should_report_external_terminal_as_unavailable_in_Flatpak" computerName="DESKTOP-QT4V7RG" duration="00:00:00.0091830" startTime="2026-08-09T23:50:24.3441241+02:00" endTime="2026-08-09T23:50:24.3533062+02:00" testType="13cdc9d9-ddb5-4fa4-a97d-d965ccfc6d4b" outcome="Passed" testListId="8c84fa94-04c1-424b-9868-57a2d4851a1d" relativeResultsDirectory="25fcdc70-c638-4388-b401-b02af4968d21" />
    <UnitTestResult executionId="7b2bb88f-9271-4b25-a3bc-6a7a05357240" testId="fc7fe3ff-b71b-5be8-fc71-ece4caef917c" testName="Gource_process_should_launch_without_a_shell_or_executable_quoting" computerName="DESKTOP-QT4V7RG" duration="00:00:00.0009490" startTime="2026-08-09T23:50:23.3882476+02:00" endTime="2026-08-09T23:50:23.3891961+02:00" testType="13cdc9d9-ddb5-4fa4-a97d-d965ccfc6d4b" outcome="Passed" testListId="8c84fa94-04c1-424b-9868-57a2d4851a1d" relativeResultsDirectory="7b2bb88f-9271-4b25-a3bc-6a7a05357240" />
    <UnitTestResult executionId="cfa489a2-c759-4860-80be-5c12531ded14" testId="26ab0664-b78d-457b-3195-452e2c4e0a3a" testName="NonLinux_picker_should_retain_native_storage_provider" computerName="DESKTOP-QT4V7RG" duration="00:00:00.0032140" startTime="2026-08-09T23:50:24.4933962+02:00" endTime="2026-08-09T23:50:24.4966095+02:00" testType="13cdc9d9-ddb5-4fa4-a97d-d965ccfc6d4b" outcome="Passed" testListId="8c84fa94-04c1-424b-9868-57a2d4851a1d" relativeResultsDirectory="cfa489a2-c759-4860-80be-5c12531ded14" />
    <UnitTestResult executionId="7756edae-8c4e-41f9-865a-a7d7a9b6765a" testId="8ed0c270-8969-57ad-d597-726fe80f36ac" testName="Launch_should_prefer_the_configured_linux_terminal" computerName="DESKTOP-QT4V7RG" duration="00:00:00.0011689" startTime="2026-08-09T23:50:24.3429305+02:00" endTime="2026-08-09T23:50:24.3440992+02:00" testType="13cdc9d9-ddb5-4fa4-a97d-d965ccfc6d4b" outcome="Passed" testListId="8c84fa94-04c1-424b-9868-57a2d4851a1d" relativeResultsDirectory="7756edae-8c4e-41f9-865a-a7d7a9b6765a" />
    <UnitTestResult executionId="d8fa320f-cef9-4c82-b23c-28ea0f2c00ee" testId="5efe2dc3-fb23-1094-2c5c-2febea723bc2" testName="Linux_launches_route_to_xdg_desktop_portal(OpenAs,&quot;/tmp/file.txt&quot;)" computerName="DESKTOP-QT4V7RG" duration="00:00:00.0008770" startTime="2026-08-09T23:50:24.4806479+02:00" endTime="2026-08-09T23:50:24.4815248+02:00" testType="13cdc9d9-ddb5-4fa4-a97d-d965ccfc6d4b" outcome="Passed" testListId="8c84fa94-04c1-424b-9868-57a2d4851a1d" relativeResultsDirectory="d8fa320f-cef9-4c82-b23c-28ea0f2c00ee" />
    <UnitTestResult executionId="da2e138e-9bd5-4a0d-989e-97414da247fc" testId="1992254c-3174-52d2-eaaf-50796c811c80" testName="Launch_should_use_Terminal_app_on_macOS" computerName="DESKTOP-QT4V7RG" duration="00:00:00.0003990" startTime="2026-08-09T23:50:24.3541015+02:00" endTime="2026-08-09T23:50:24.3545000+02:00" testType="13cdc9d9-ddb5-4fa4-a97d-d965ccfc6d4b" outcome="Passed" testListId="8c84fa94-04c1-424b-9868-57a2d4851a1d" relativeResultsDirectory="da2e138e-9bd5-4a0d-989e-97414da247fc" />
    <UnitTestResult executionId="7cdce592-a5bc-40c3-9305-c91d0d57b044" testId="ca3021f3-d048-b282-c9af-b3dd0540cbb5" testName="Avalonia_build_graph_should_include_every_bundled_plugin_project" computerName="DESKTOP-QT4V7RG" duration="00:00:00.0211460" startTime="2026-08-09T23:50:22.6761725+02:00" endTime="2026-08-09T23:50:22.6972751+02:00" testType="13cdc9d9-ddb5-4fa4-a97d-d965ccfc6d4b" outcome="Passed" testListId="8c84fa94-04c1-424b-9868-57a2d4851a1d" relativeResultsDirectory="7cdce592-a5bc-40c3-9305-c91d0d57b044" />
    <UnitTestResult executionId="da05849c-bfbb-481c-9670-ddb935e91a83" testId="55dc8244-1d31-9a65-fabf-d82299595606" testName="Linux_file_picker_cancel_or_dismiss_should_complete_without_selection(2)" computerName="DESKTOP-QT4V7RG" duration="00:00:00.0014690" startTime="2026-08-09T23:50:24.4740928+02:00" endTime="2026-08-09T23:50:24.4755614+02:00" testType="13cdc9d9-ddb5-4fa4-a97d-d965ccfc6d4b" outcome="Passed" testListId="8c84fa94-04c1-424b-9868-57a2d4851a1d" relativeResultsDirectory="da05849c-bfbb-481c-9670-ddb935e91a83" />
    <UnitTestResult executionId="ed96c6e2-9195-4b81-9b33-5c75e8baa247" testId="7fa1fea0-66e3-423b-fdf8-a9e8f0fbbe1c" testName="Picker_guard_allows_nonLinux_or_available_portal(False,False)" computerName="DESKTOP-QT4V7RG" duration="00:00:00.0005560" startTime="2026-08-09T23:50:24.4996348+02:00" endTime="2026-08-09T23:50:24.5001905+02:00" testType="13cdc9d9-ddb5-4fa4-a97d-d965ccfc6d4b" outcome="Passed" testListId="8c84fa94-04c1-424b-9868-57a2d4851a1d" relativeResultsDirectory="ed96c6e2-9195-4b81-9b33-5c75e8baa247" />
    <UnitTestResult executionId="a3a213f6-2b48-4d97-a04b-602daf131f0c" testId="4620cb6c-b0a3-ce4c-6a6f-4124ce10988c" testName="IsLaunchAvailable_should_reject_host_executable_in_Flatpak(False,True)" computerName="DESKTOP-QT4V7RG" duration="00:00:00.0001260" startTime="2026-08-09T23:50:23.3892541+02:00" endTime="2026-08-09T23:50:23.3893799+02:00" testType="13cdc9d9-ddb5-4fa4-a97d-d965ccfc6d4b" outcome="Passed" testListId="8c84fa94-04c1-424b-9868-57a2d4851a1d" relativeResultsDirectory="a3a213f6-2b48-4d97-a04b-602daf131f0c" />
    <UnitTestResult executionId="899216b3-e068-411d-bc7e-bc5c7545cea4" testId="3e056fe6-554c-0036-51bc-eca7a4924392" testName="Launch_should_open_windows_terminal_in_the_working_directory" computerName="DESKTOP-QT4V7RG" duration="00:00:00.0004370" startTime="2026-08-09T23:50:24.3424702+02:00" endTime="2026-08-09T23:50:24.3429069+02:00" testType="13cdc9d9-ddb5-4fa4-a97d-d965ccfc6d4b" outcome="Passed" testListId="8c84fa94-04c1-424b-9868-57a2d4851a1d" relativeResultsDirectory="899216b3-e068-411d-bc7e-bc5c7545cea4" />
    <UnitTestResult executionId="07f0617f-8ddb-4bd1-80fa-c8c3637d9568" testId="3aa76433-1a96-5b6b-3f82-abfc6ae4373a" testName="IsLaunchAvailable_should_reject_host_executable_in_Flatpak(True,False)" computerName="DESKTOP-QT4V7RG" duration="00:00:00.0002280" startTime="2026-08-09T23:50:23.3893868+02:00" endTime="2026-08-09T23:50:23.3896146+02:00" testType="13cdc9d9-ddb5-4fa4-a97d-d965ccfc6d4b" outcome="Passed" testListId="8c84fa94-04c1-424b-9868-57a2d4851a1d" relativeResultsDirectory="07f0617f-8ddb-4bd1-80fa-c8c3637d9568" />
    <UnitTestResult executionId="2636459f-c3cb-434c-a5b1-0bee9eda6f84" testId="fb3591ad-f934-01a5-6f20-8c267c26a0f1" testName="SanitizeLinuxEnvironment_should_remove_snap_toolkit_overrides_and_restore_XDG_paths" computerName="DESKTOP-QT4V7RG" duration="00:00:00.0017540" startTime="2026-08-09T23:50:24.3549647+02:00" endTime="2026-08-09T23:50:24.3567184+02:00" testType="13cdc9d9-ddb5-4fa4-a97d-d965ccfc6d4b" outcome="Passed" testListId="8c84fa94-04c1-424b-9868-57a2d4851a1d" relativeResultsDirectory="2636459f-c3cb-434c-a5b1-0bee9eda6f84" />
    <UnitTestResult executionId="3bd68696-292b-41d4-8de0-261a05528e9b" testId="d9dbaf23-b4ea-a0ae-4411-510948230600" testName="Launch_should_fall_back_to_cmd_on_windows" computerName="DESKTOP-QT4V7RG" duration="00:00:00.0031319" startTime="2026-08-09T23:50:24.3393065+02:00" endTime="2026-08-09T23:50:24.3424386+02:00" testType="13cdc9d9-ddb5-4fa4-a97d-d965ccfc6d4b" outcome="Passed" testListId="8c84fa94-04c1-424b-9868-57a2d4851a1d" relativeResultsDirectory="3bd68696-292b-41d4-8de0-261a05528e9b" />
    <UnitTestResult executionId="3c0da1fb-27b3-4e67-ba8b-6dee8205cff9" testId="9e87e10d-3bb8-c5ef-33b5-c9b6833cb5e3" testName="Every_product_picker_call_is_guarded_against_managed_Linux_fallback" computerName="DESKTOP-QT4V7RG" duration="00:00:00.1027480" startTime="2026-08-09T23:50:24.3569175+02:00" endTime="2026-08-09T23:50:24.4596649+02:00" testType="13cdc9d9-ddb5-4fa4-a97d-d965ccfc6d4b" outcome="Passed" testListId="8c84fa94-04c1-424b-9868-57a2d4851a1d" relativeResultsDirectory="3c0da1fb-27b3-4e67-ba8b-6dee8205cff9" />
    <UnitTestResult executionId="93548647-e936-4e7b-bec9-b69091f3cc99" testId="78e1c2f0-4814-bf33-32c3-8e39250ef75e" testName="Gource_plugin_should_offer_the_windows_archive_only_on_Windows" computerName="DESKTOP-QT4V7RG" duration="00:00:00.0005750" startTime="2026-08-09T23:50:23.3876555+02:00" endTime="2026-08-09T23:50:23.3882300+02:00" testType="13cdc9d9-ddb5-4fa4-a97d-d965ccfc6d4b" outcome="Passed" testListId="8c84fa94-04c1-424b-9868-57a2d4851a1d" relativeResultsDirectory="93548647-e936-4e7b-bec9-b69091f3cc99" />
    <UnitTestResult executionId="047f619f-3a01-4a14-b815-31ceec78499e" testId="a00b1b54-06e7-ab44-24f8-6d75a28c2ff6" testName="Linux_file_picker_cancel_or_dismiss_should_complete_without_selection(1)" computerName="DESKTOP-QT4V7RG" duration="00:00:00.0142630" startTime="2026-08-09T23:50:24.4597838+02:00" endTime="2026-08-09T23:50:24.4740458+02:00" testType="13cdc9d9-ddb5-4fa4-a97d-d965ccfc6d4b" outcome="Passed" testListId="8c84fa94-04c1-424b-9868-57a2d4851a1d" relativeResultsDirectory="047f619f-3a01-4a14-b815-31ceec78499e" />
    <UnitTestResult executionId="6bfb3040-1c49-4e1c-80a1-3b393ea0427d" testId="a83b8c2b-a727-71a4-6451-576ff33c84bd" testName="Linux_launches_route_to_xdg_desktop_portal(OpenDirectory,&quot;/tmp/folder&quot;)" computerName="DESKTOP-QT4V7RG" duration="00:00:00.0001370" startTime="2026-08-09T23:50:24.4815536+02:00" endTime="2026-08-09T23:50:24.4816902+02:00" testType="13cdc9d9-ddb5-4fa4-a97d-d965ccfc6d4b" outcome="Passed" testListId="8c84fa94-04c1-424b-9868-57a2d4851a1d" relativeResultsDirectory="6bfb3040-1c49-4e1c-80a1-3b393ea0427d" />
  </Results>
  <TestDefinitions>
    <UnitTest name="Every_product_picker_call_is_guarded_against_managed_Linux_fallback" storage="c:\users\begota\documents\github\gitextensions\artifacts\debug\bin\tests\unittests\gitui.avalonia.tests\net10.0\gitui.avalonia.tests.dll" id="9e87e10d-3bb8-c5ef-33b5-c9b6833cb5e3">
      <Execution id="3c0da1fb-27b3-4e67-ba8b-6dee8205cff9" />
      <TestMethod codeBase="C:\Users\Begota\Documents\GitHub\gitextensions\artifacts\Debug\bin\tests\UnitTests\GitUI.Avalonia.Tests\net10.0\GitUI.Avalonia.Tests.dll" adapterTypeName="executor://nunit3testexecutor/" className="GitUI.Avalonia.Tests.PortalShellTests" name="Every_product_picker_call_is_guarded_against_managed_Linux_fallback" />
    </UnitTest>
    <UnitTest name="Launch_should_report_external_terminal_as_unavailable_in_Flatpak" storage="c:\users\begota\documents\github\gitextensions\artifacts\debug\bin\tests\unittests\gitui.avalonia.tests\net10.0\gitui.avalonia.tests.dll" id="ebedc43f-f51d-bceb-4a64-31a9cea4504c">
      <Execution id="25fcdc70-c638-4388-b401-b02af4968d21" />
      <TestMethod codeBase="C:\Users\Begota\Documents\GitHub\gitextensions\artifacts\Debug\bin\tests\UnitTests\GitUI.Avalonia.Tests\net10.0\GitUI.Avalonia.Tests.dll" adapterTypeName="executor://nunit3testexecutor/" className="GitExtensionsTests.TerminalLauncherTests" name="Launch_should_report_external_terminal_as_unavailable_in_Flatpak" />
    </UnitTest>
    <UnitTest name="IsLaunchAvailable_should_reject_host_executable_in_Flatpak(True,False)" storage="c:\users\begota\documents\github\gitextensions\artifacts\debug\bin\tests\unittests\gitui.avalonia.tests\net10.0\gitui.avalonia.tests.dll" id="3aa76433-1a96-5b6b-3f82-abfc6ae4373a">
      <Execution id="07f0617f-8ddb-4bd1-80fa-c8c3637d9568" />
      <TestMethod codeBase="C:\Users\Begota\Documents\GitHub\gitextensions\artifacts\Debug\bin\tests\UnitTests\GitUI.Avalonia.Tests\net10.0\GitUI.Avalonia.Tests.dll" adapterTypeName="executor://nunit3testexecutor/" className="GitExtensionsTests.GourcePluginTests" name="IsLaunchAvailable_should_reject_host_executable_in_Flatpak(True,False)" />
    </UnitTest>
    <UnitTest name="Picker_guard_allows_nonLinux_or_available_portal(False,False)" storage="c:\users\begota\documents\github\gitextensions\artifacts\debug\bin\tests\unittests\gitui.avalonia.tests\net10.0\gitui.avalonia.tests.dll" id="7fa1fea0-66e3-423b-fdf8-a9e8f0fbbe1c">
      <Execution id="ed96c6e2-9195-4b81-9b33-5c75e8baa247" />
      <TestMethod codeBase="C:\Users\Begota\Documents\GitHub\gitextensions\artifacts\Debug\bin\tests\UnitTests\GitUI.Avalonia.Tests\net10.0\GitUI.Avalonia.Tests.dll" adapterTypeName="executor://nunit3testexecutor/" className="GitUI.Avalonia.Tests.PortalShellTests" name="Picker_guard_allows_nonLinux_or_available_portal(False,False)" />
    </UnitTest>
    <UnitTest name="Launch_should_use_the_linux_desktop_default_terminal" storage="c:\users\begota\documents\github\gitextensions\artifacts\debug\bin\tests\unittests\gitui.avalonia.tests\net10.0\gitui.avalonia.tests.dll" id="b116552d-28c6-505f-ef63-377f69f5962f">
      <Execution id="444e0e66-8e30-4fc5-8263-3198905b2f50" />
      <TestMethod codeBase="C:\Users\Begota\Documents\GitHub\gitextensions\artifacts\Debug\bin\tests\UnitTests\GitUI.Avalonia.Tests\net10.0\GitUI.Avalonia.Tests.dll" adapterTypeName="executor://nunit3testexecutor/" className="GitExtensionsTests.TerminalLauncherTests" name="Launch_should_use_the_linux_desktop_default_terminal" />
    </UnitTest>
    <UnitTest name="Linux_launches_route_to_xdg_desktop_portal(ShowInDirectory,&quot;/tmp/folder/file.txt&quot;)" storage="c:\users\begota\documents\github\gitextensions\artifacts\debug\bin\tests\unittests\gitui.avalonia.tests\net10.0\gitui.avalonia.tests.dll" id="62294141-9585-874e-dbe9-243f990ef273">
      <Execution id="58563f56-402f-4c2d-8c5e-0af781de507f" />
      <TestMethod codeBase="C:\Users\Begota\Documents\GitHub\gitextensions\artifacts\Debug\bin\tests\UnitTests\GitUI.Avalonia.Tests\net10.0\GitUI.Avalonia.Tests.dll" adapterTypeName="executor://nunit3testexecutor/" className="GitUI.Avalonia.Tests.PortalShellTests" name="Linux_launches_route_to_xdg_desktop_portal(ShowInDirectory,&quot;/tmp/folder/file.txt&quot;)" />
    </UnitTest>
    <UnitTest name="Missing_portal_is_reported_as_failed_launch" storage="c:\users\begota\documents\github\gitextensions\artifacts\debug\bin\tests\unittests\gitui.avalonia.tests\net10.0\gitui.avalonia.tests.dll" id="e428fee6-4320-d11a-707f-aef757ffdc54">
      <Execution id="38fe8bac-4d14-439e-978a-7c0abfcb6381" />
      <TestMethod codeBase="C:\Users\Begota\Documents\GitHub\gitextensions\artifacts\Debug\bin\tests\UnitTests\GitUI.Avalonia.Tests\net10.0\GitUI.Avalonia.Tests.dll" adapterTypeName="executor://nunit3testexecutor/" className="GitUI.Avalonia.Tests.PortalShellTests" name="Missing_portal_is_reported_as_failed_launch" />
    </UnitTest>
    <UnitTest name="IsLaunchAvailable_should_reject_host_executable_in_Flatpak(False,True)" storage="c:\users\begota\documents\github\gitextensions\artifacts\debug\bin\tests\unittests\gitui.avalonia.tests\net10.0\gitui.avalonia.tests.dll" id="4620cb6c-b0a3-ce4c-6a6f-4124ce10988c">
      <Execution id="a3a213f6-2b48-4d97-a04b-602daf131f0c" />
      <TestMethod codeBase="C:\Users\Begota\Documents\GitHub\gitextensions\artifacts\Debug\bin\tests\UnitTests\GitUI.Avalonia.Tests\net10.0\GitUI.Avalonia.Tests.dll" adapterTypeName="executor://nunit3testexecutor/" className="GitExtensionsTests.GourcePluginTests" name="IsLaunchAvailable_should_reject_host_executable_in_Flatpak(False,True)" />
    </UnitTest>
    <UnitTest name="Gource_process_should_launch_without_a_shell_or_executable_quoting" storage="c:\users\begota\documents\github\gitextensions\artifacts\debug\bin\tests\unittests\gitui.avalonia.tests\net10.0\gitui.avalonia.tests.dll" id="fc7fe3ff-b71b-5be8-fc71-ece4caef917c">
      <Execution id="7b2bb88f-9271-4b25-a3bc-6a7a05357240" />
      <TestMethod codeBase="C:\Users\Begota\Documents\GitHub\gitextensions\artifacts\Debug\bin\tests\UnitTests\GitUI.Avalonia.Tests\net10.0\GitUI.Avalonia.Tests.dll" adapterTypeName="executor://nunit3testexecutor/" className="GitExtensionsTests.GourcePluginTests" name="Gource_process_should_launch_without_a_shell_or_executable_quoting" />
    </UnitTest>
    <UnitTest name="Avalonia_build_graph_should_include_every_bundled_plugin_project" storage="c:\users\begota\documents\github\gitextensions\artifacts\debug\bin\tests\unittests\gitui.avalonia.tests\net10.0\gitui.avalonia.tests.dll" id="ca3021f3-d048-b282-c9af-b3dd0540cbb5">
      <Execution id="7cdce592-a5bc-40c3-9305-c91d0d57b044" />
      <TestMethod codeBase="C:\Users\Begota\Documents\GitHub\gitextensions\artifacts\Debug\bin\tests\UnitTests\GitUI.Avalonia.Tests\net10.0\GitUI.Avalonia.Tests.dll" adapterTypeName="executor://nunit3testexecutor/" className="GitExtensionsTests.GourcePluginTests" name="Avalonia_build_graph_should_include_every_bundled_plugin_project" />
    </UnitTest>
    <UnitTest name="Launch_should_use_linux_fallback_order" storage="c:\users\begota\documents\github\gitextensions\artifacts\debug\bin\tests\unittests\gitui.avalonia.tests\net10.0\gitui.avalonia.tests.dll" id="471e10eb-0950-0617-b23a-acd1f9188237">
      <Execution id="3e446e5f-0294-4e15-8bf8-5bc052d43309" />
      <TestMethod codeBase="C:\Users\Begota\Documents\GitHub\gitextensions\artifacts\Debug\bin\tests\UnitTests\GitUI.Avalonia.Tests\net10.0\GitUI.Avalonia.Tests.dll" adapterTypeName="executor://nunit3testexecutor/" className="GitExtensionsTests.TerminalLauncherTests" name="Launch_should_use_linux_fallback_order" />
    </UnitTest>
    <UnitTest name="Gource_plugin_should_expose_its_icon_and_native_string_settings" storage="c:\users\begota\documents\github\gitextensions\artifacts\debug\bin\tests\unittests\gitui.avalonia.tests\net10.0\gitui.avalonia.tests.dll" id="ceef9b93-0555-f1a3-28f7-4bece6214db3">
      <Execution id="d49923cf-6923-4419-932b-1658de3e0d0f" />
      <TestMethod codeBase="C:\Users\Begota\Documents\GitHub\gitextensions\artifacts\Debug\bin\tests\UnitTests\GitUI.Avalonia.Tests\net10.0\GitUI.Avalonia.Tests.dll" adapterTypeName="executor://nunit3testexecutor/" className="GitExtensionsTests.GourcePluginTests" name="Gource_plugin_should_expose_its_icon_and_native_string_settings" />
    </UnitTest>
    <UnitTest name="Linux_launches_route_to_xdg_desktop_portal(OpenAs,&quot;/tmp/file.txt&quot;)" storage="c:\users\begota\documents\github\gitextensions\artifacts\debug\bin\tests\unittests\gitui.avalonia.tests\net10.0\gitui.avalonia.tests.dll" id="5efe2dc3-fb23-1094-2c5c-2febea723bc2">
      <Execution id="d8fa320f-cef9-4c82-b23c-28ea0f2c00ee" />
      <TestMethod codeBase="C:\Users\Begota\Documents\GitHub\gitextensions\artifacts\Debug\bin\tests\UnitTests\GitUI.Avalonia.Tests\net10.0\GitUI.Avalonia.Tests.dll" adapterTypeName="executor://nunit3testexecutor/" className="GitUI.Avalonia.Tests.PortalShellTests" name="Linux_launches_route_to_xdg_desktop_portal(OpenAs,&quot;/tmp/file.txt&quot;)" />
    </UnitTest>
    <UnitTest name="FormBrowse_terminal_toolbar_button_should_launch_in_the_repository_working_directory" storage="c:\users\begota\documents\github\gitextensions\artifacts\debug\bin\tests\unittests\gitui.avalonia.tests\net10.0\gitui.avalonia.tests.dll" id="75bc2448-ab9c-17fb-22d9-854d8508393d">
      <Execution id="2b7c80e0-e530-4a8a-8ac1-1d706725af63" />
      <TestMethod codeBase="C:\Users\Begota\Documents\GitHub\gitextensions\artifacts\Debug\bin\tests\UnitTests\GitUI.Avalonia.Tests\net10.0\GitUI.Avalonia.Tests.dll" adapterTypeName="executor://nunit3testexecutor/" className="GitExtensionsTests.TerminalLauncherTests" name="FormBrowse_terminal_toolbar_button_should_launch_in_the_repository_working_directory" />
    </UnitTest>
    <UnitTest name="Launch_should_use_Terminal_app_on_macOS" storage="c:\users\begota\documents\github\gitextensions\artifacts\debug\bin\tests\unittests\gitui.avalonia.tests\net10.0\gitui.avalonia.tests.dll" id="1992254c-3174-52d2-eaaf-50796c811c80">
      <Execution id="da2e138e-9bd5-4a0d-989e-97414da247fc" />
      <TestMethod codeBase="C:\Users\Begota\Documents\GitHub\gitextensions\artifacts\Debug\bin\tests\UnitTests\GitUI.Avalonia.Tests\net10.0\GitUI.Avalonia.Tests.dll" adapterTypeName="executor://nunit3testexecutor/" className="GitExtensionsTests.TerminalLauncherTests" name="Launch_should_use_Terminal_app_on_macOS" />
    </UnitTest>
    <UnitTest name="FormBrowse_terminal_menu_and_toolbar_should_preserve_their_original_translation_keys" storage="c:\users\begota\documents\github\gitextensions\artifacts\debug\bin\tests\unittests\gitui.avalonia.tests\net10.0\gitui.avalonia.tests.dll" id="0fb6840a-3422-edbb-b09c-78ff794fcbf7">
      <Execution id="bcea89c1-1b93-49ba-b81c-47bbabbc7045" />
      <TestMethod codeBase="C:\Users\Begota\Documents\GitHub\gitextensions\artifacts\Debug\bin\tests\UnitTests\GitUI.Avalonia.Tests\net10.0\GitUI.Avalonia.Tests.dll" adapterTypeName="executor://nunit3testexecutor/" className="GitExtensionsTests.TerminalLauncherTests" name="FormBrowse_terminal_menu_and_toolbar_should_preserve_their_original_translation_keys" />
    </UnitTest>
    <UnitTest name="Picker_guard_reports_missing_Linux_portal_without_fallback" storage="c:\users\begota\documents\github\gitextensions\artifacts\debug\bin\tests\unittests\gitui.avalonia.tests\net10.0\gitui.avalonia.tests.dll" id="5128a30c-288a-4ad9-e958-9b7db6486653">
      <Execution id="202f9200-dae7-4cd7-b07b-a642db4a8544" />
      <TestMethod codeBase="C:\Users\Begota\Documents\GitHub\gitextensions\artifacts\Debug\bin\tests\UnitTests\GitUI.Avalonia.Tests\net10.0\GitUI.Avalonia.Tests.dll" adapterTypeName="executor://nunit3testexecutor/" className="GitUI.Avalonia.Tests.PortalShellTests" name="Picker_guard_reports_missing_Linux_portal_without_fallback" />
    </UnitTest>
    <UnitTest name="Launch_should_fall_back_to_cmd_on_windows" storage="c:\users\begota\documents\github\gitextensions\artifacts\debug\bin\tests\unittests\gitui.avalonia.tests\net10.0\gitui.avalonia.tests.dll" id="d9dbaf23-b4ea-a0ae-4411-510948230600">
      <Execution id="3bd68696-292b-41d4-8de0-261a05528e9b" />
      <TestMethod codeBase="C:\Users\Begota\Documents\GitHub\gitextensions\artifacts\Debug\bin\tests\UnitTests\GitUI.Avalonia.Tests\net10.0\GitUI.Avalonia.Tests.dll" adapterTypeName="executor://nunit3testexecutor/" className="GitExtensionsTests.TerminalLauncherTests" name="Launch_should_fall_back_to_cmd_on_windows" />
    </UnitTest>
    <UnitTest name="Gource_plugin_should_offer_the_windows_archive_only_on_Windows" storage="c:\users\begota\documents\github\gitextensions\artifacts\debug\bin\tests\unittests\gitui.avalonia.tests\net10.0\gitui.avalonia.tests.dll" id="78e1c2f0-4814-bf33-32c3-8e39250ef75e">
      <Execution id="93548647-e936-4e7b-bec9-b69091f3cc99" />
      <TestMethod codeBase="C:\Users\Begota\Documents\GitHub\gitextensions\artifacts\Debug\bin\tests\UnitTests\GitUI.Avalonia.Tests\net10.0\GitUI.Avalonia.Tests.dll" adapterTypeName="executor://nunit3testexecutor/" className="GitExtensionsTests.GourcePluginTests" name="Gource_plugin_should_offer_the_windows_archive_only_on_Windows" />
    </UnitTest>
    <UnitTest name="Linux_file_picker_cancel_or_dismiss_should_complete_without_selection(2)" storage="c:\users\begota\documents\github\gitextensions\artifacts\debug\bin\tests\unittests\gitui.avalonia.tests\net10.0\gitui.avalonia.tests.dll" id="55dc8244-1d31-9a65-fabf-d82299595606">
      <Execution id="da05849c-bfbb-481c-9670-ddb935e91a83" />
      <TestMethod codeBase="C:\Users\Begota\Documents\GitHub\gitextensions\artifacts\Debug\bin\tests\UnitTests\GitUI.Avalonia.Tests\net10.0\GitUI.Avalonia.Tests.dll" adapterTypeName="executor://nunit3testexecutor/" className="GitUI.Avalonia.Tests.PortalShellTests" name="Linux_file_picker_cancel_or_dismiss_should_complete_without_selection(2)" />
    </UnitTest>
    <UnitTest name="Linux_launches_route_to_xdg_desktop_portal(Open,&quot;/tmp/file.txt&quot;)" storage="c:\users\begota\documents\github\gitextensions\artifacts\debug\bin\tests\unittests\gitui.avalonia.tests\net10.0\gitui.avalonia.tests.dll" id="06eb2462-3833-6e4e-077f-301c254cf365">
      <Execution id="4c163d92-5772-4ef0-8f41-967abc4c5f7d" />
      <TestMethod codeBase="C:\Users\Begota\Documents\GitHub\gitextensions\artifacts\Debug\bin\tests\UnitTests\GitUI.Avalonia.Tests\net10.0\GitUI.Avalonia.Tests.dll" adapterTypeName="executor://nunit3testexecutor/" className="GitUI.Avalonia.Tests.PortalShellTests" name="Linux_launches_route_to_xdg_desktop_portal(Open,&quot;/tmp/file.txt&quot;)" />
    </UnitTest>
    <UnitTest name="SanitizeLinuxEnvironment_should_remove_snap_toolkit_overrides_and_restore_XDG_paths" storage="c:\users\begota\documents\github\gitextensions\artifacts\debug\bin\tests\unittests\gitui.avalonia.tests\net10.0\gitui.avalonia.tests.dll" id="fb3591ad-f934-01a5-6f20-8c267c26a0f1">
      <Execution id="2636459f-c3cb-434c-a5b1-0bee9eda6f84" />
      <TestMethod codeBase="C:\Users\Begota\Documents\GitHub\gitextensions\artifacts\Debug\bin\tests\UnitTests\GitUI.Avalonia.Tests\net10.0\GitUI.Avalonia.Tests.dll" adapterTypeName="executor://nunit3testexecutor/" className="GitExtensionsTests.TerminalLauncherTests" name="SanitizeLinuxEnvironment_should_remove_snap_toolkit_overrides_and_restore_XDG_paths" />
    </UnitTest>
    <UnitTest name="Launch_should_prefer_the_configured_linux_terminal" storage="c:\users\begota\documents\github\gitextensions\artifacts\debug\bin\tests\unittests\gitui.avalonia.tests\net10.0\gitui.avalonia.tests.dll" id="8ed0c270-8969-57ad-d597-726fe80f36ac">
      <Execution id="7756edae-8c4e-41f9-865a-a7d7a9b6765a" />
      <TestMethod codeBase="C:\Users\Begota\Documents\GitHub\gitextensions\artifacts\Debug\bin\tests\UnitTests\GitUI.Avalonia.Tests\net10.0\GitUI.Avalonia.Tests.dll" adapterTypeName="executor://nunit3testexecutor/" className="GitExtensionsTests.TerminalLauncherTests" name="Launch_should_prefer_the_configured_linux_terminal" />
    </UnitTest>
    <UnitTest name="NonLinux_picker_should_retain_native_storage_provider" storage="c:\users\begota\documents\github\gitextensions\artifacts\debug\bin\tests\unittests\gitui.avalonia.tests\net10.0\gitui.avalonia.tests.dll" id="26ab0664-b78d-457b-3195-452e2c4e0a3a">
      <Execution id="cfa489a2-c759-4860-80be-5c12531ded14" />
      <TestMethod codeBase="C:\Users\Begota\Documents\GitHub\gitextensions\artifacts\Debug\bin\tests\UnitTests\GitUI.Avalonia.Tests\net10.0\GitUI.Avalonia.Tests.dll" adapterTypeName="executor://nunit3testexecutor/" className="GitUI.Avalonia.Tests.PortalShellTests" name="NonLinux_picker_should_retain_native_storage_provider" />
    </UnitTest>
    <UnitTest name="Linux_open_file_picker_should_materialize_portal_selection" storage="c:\users\begota\documents\github\gitextensions\artifacts\debug\bin\tests\unittests\gitui.avalonia.tests\net10.0\gitui.avalonia.tests.dll" id="86606170-31fa-b43e-0711-756eee4d5208">
      <Execution id="4110d948-bb14-45a1-b05e-27163d0e58c6" />
      <TestMethod codeBase="C:\Users\Begota\Documents\GitHub\gitextensions\artifacts\Debug\bin\tests\UnitTests\GitUI.Avalonia.Tests\net10.0\GitUI.Avalonia.Tests.dll" adapterTypeName="executor://nunit3testexecutor/" className="GitUI.Avalonia.Tests.PortalShellTests" name="Linux_open_file_picker_should_materialize_portal_selection" />
    </UnitTest>
    <UnitTest name="Linux_file_picker_cancel_or_dismiss_should_complete_without_selection(1)" storage="c:\users\begota\documents\github\gitextensions\artifacts\debug\bin\tests\unittests\gitui.avalonia.tests\net10.0\gitui.avalonia.tests.dll" id="a00b1b54-06e7-ab44-24f8-6d75a28c2ff6">
      <Execution id="047f619f-3a01-4a14-b815-31ceec78499e" />
      <TestMethod codeBase="C:\Users\Begota\Documents\GitHub\gitextensions\artifacts\Debug\bin\tests\UnitTests\GitUI.Avalonia.Tests\net10.0\GitUI.Avalonia.Tests.dll" adapterTypeName="executor://nunit3testexecutor/" className="GitUI.Avalonia.Tests.PortalShellTests" name="Linux_file_picker_cancel_or_dismiss_should_complete_without_selection(1)" />
    </UnitTest>
    <UnitTest name="Launch_should_open_windows_terminal_in_the_working_directory" storage="c:\users\begota\documents\github\gitextensions\artifacts\debug\bin\tests\unittests\gitui.avalonia.tests\net10.0\gitui.avalonia.tests.dll" id="3e056fe6-554c-0036-51bc-eca7a4924392">
      <Execution id="899216b3-e068-411d-bc7e-bc5c7545cea4" />
      <TestMethod codeBase="C:\Users\Begota\Documents\GitHub\gitextensions\artifacts\Debug\bin\tests\UnitTests\GitUI.Avalonia.Tests\net10.0\GitUI.Avalonia.Tests.dll" adapterTypeName="executor://nunit3testexecutor/" className="GitExtensionsTests.TerminalLauncherTests" name="Launch_should_open_windows_terminal_in_the_working_directory" />
    </UnitTest>
    <UnitTest name="Picker_guard_allows_nonLinux_or_available_portal(True,True)" storage="c:\users\begota\documents\github\gitextensions\artifacts\debug\bin\tests\unittests\gitui.avalonia.tests\net10.0\gitui.avalonia.tests.dll" id="c005f8ff-2d91-7b7b-453f-a724418f7ff8">
      <Execution id="f35af0da-7a80-44e2-a43f-98f647c86211" />
      <TestMethod codeBase="C:\Users\Begota\Documents\GitHub\gitextensions\artifacts\Debug\bin\tests\UnitTests\GitUI.Avalonia.Tests\net10.0\GitUI.Avalonia.Tests.dll" adapterTypeName="executor://nunit3testexecutor/" className="GitUI.Avalonia.Tests.PortalShellTests" name="Picker_guard_allows_nonLinux_or_available_portal(True,True)" />
    </UnitTest>
    <UnitTest name="Gource_form_should_construct_with_original_layout_and_translation_keys" storage="c:\users\begota\documents\github\gitextensions\artifacts\debug\bin\tests\unittests\gitui.avalonia.tests\net10.0\gitui.avalonia.tests.dll" id="e154d284-4f7f-533d-fe96-7328e2fdbc6f">
      <Execution id="4484627b-a2e8-4de4-9fca-1e93c2ca0606" />
      <TestMethod codeBase="C:\Users\Begota\Documents\GitHub\gitextensions\artifacts\Debug\bin\tests\UnitTests\GitUI.Avalonia.Tests\net10.0\GitUI.Avalonia.Tests.dll" adapterTypeName="executor://nunit3testexecutor/" className="GitExtensionsTests.GourcePluginTests" name="Gource_form_should_construct_with_original_layout_and_translation_keys" />
    </UnitTest>
    <UnitTest name="Linux_launches_route_to_xdg_desktop_portal(OpenUri,&quot;https://example.com&quot;)" storage="c:\users\begota\documents\github\gitextensions\artifacts\debug\bin\tests\unittests\gitui.avalonia.tests\net10.0\gitui.avalonia.tests.dll" id="f6ff3d50-aac9-1126-88b3-474cca520086">
      <Execution id="a8efd463-612d-49b0-a74f-af10a9304d48" />
      <TestMethod codeBase="C:\Users\Begota\Documents\GitHub\gitextensions\artifacts\Debug\bin\tests\UnitTests\GitUI.Avalonia.Tests\net10.0\GitUI.Avalonia.Tests.dll" adapterTypeName="executor://nunit3testexecutor/" className="GitUI.Avalonia.Tests.PortalShellTests" name="Linux_launches_route_to_xdg_desktop_portal(OpenUri,&quot;https://example.com&quot;)" />
    </UnitTest>
    <UnitTest name="Linux_launches_route_to_xdg_desktop_portal(OpenDirectory,&quot;/tmp/folder&quot;)" storage="c:\users\begota\documents\github\gitextensions\artifacts\debug\bin\tests\unittests\gitui.avalonia.tests\net10.0\gitui.avalonia.tests.dll" id="a83b8c2b-a727-71a4-6451-576ff33c84bd">
      <Execution id="6bfb3040-1c49-4e1c-80a1-3b393ea0427d" />
      <TestMethod codeBase="C:\Users\Begota\Documents\GitHub\gitextensions\artifacts\Debug\bin\tests\UnitTests\GitUI.Avalonia.Tests\net10.0\GitUI.Avalonia.Tests.dll" adapterTypeName="executor://nunit3testexecutor/" className="GitUI.Avalonia.Tests.PortalShellTests" name="Linux_launches_route_to_xdg_desktop_portal(OpenDirectory,&quot;/tmp/folder&quot;)" />
    </UnitTest>
  </TestDefinitions>
  <TestEntries>
    <TestEntry testId="471e10eb-0950-0617-b23a-acd1f9188237" executionId="3e446e5f-0294-4e15-8bf8-5bc052d43309" testListId="8c84fa94-04c1-424b-9868-57a2d4851a1d" />
    <TestEntry testId="86606170-31fa-b43e-0711-756eee4d5208" executionId="4110d948-bb14-45a1-b05e-27163d0e58c6" testListId="8c84fa94-04c1-424b-9868-57a2d4851a1d" />
    <TestEntry testId="f6ff3d50-aac9-1126-88b3-474cca520086" executionId="a8efd463-612d-49b0-a74f-af10a9304d48" testListId="8c84fa94-04c1-424b-9868-57a2d4851a1d" />
    <TestEntry testId="06eb2462-3833-6e4e-077f-301c254cf365" executionId="4c163d92-5772-4ef0-8f41-967abc4c5f7d" testListId="8c84fa94-04c1-424b-9868-57a2d4851a1d" />
    <TestEntry testId="e154d284-4f7f-533d-fe96-7328e2fdbc6f" executionId="4484627b-a2e8-4de4-9fca-1e93c2ca0606" testListId="8c84fa94-04c1-424b-9868-57a2d4851a1d" />
    <TestEntry testId="e428fee6-4320-d11a-707f-aef757ffdc54" executionId="38fe8bac-4d14-439e-978a-7c0abfcb6381" testListId="8c84fa94-04c1-424b-9868-57a2d4851a1d" />
    <TestEntry testId="0fb6840a-3422-edbb-b09c-78ff794fcbf7" executionId="bcea89c1-1b93-49ba-b81c-47bbabbc7045" testListId="8c84fa94-04c1-424b-9868-57a2d4851a1d" />
    <TestEntry testId="5128a30c-288a-4ad9-e958-9b7db6486653" executionId="202f9200-dae7-4cd7-b07b-a642db4a8544" testListId="8c84fa94-04c1-424b-9868-57a2d4851a1d" />
    <TestEntry testId="ceef9b93-0555-f1a3-28f7-4bece6214db3" executionId="d49923cf-6923-4419-932b-1658de3e0d0f" testListId="8c84fa94-04c1-424b-9868-57a2d4851a1d" />
    <TestEntry testId="62294141-9585-874e-dbe9-243f990ef273" executionId="58563f56-402f-4c2d-8c5e-0af781de507f" testListId="8c84fa94-04c1-424b-9868-57a2d4851a1d" />
    <TestEntry testId="b116552d-28c6-505f-ef63-377f69f5962f" executionId="444e0e66-8e30-4fc5-8263-3198905b2f50" testListId="8c84fa94-04c1-424b-9868-57a2d4851a1d" />
    <TestEntry testId="c005f8ff-2d91-7b7b-453f-a724418f7ff8" executionId="f35af0da-7a80-44e2-a43f-98f647c86211" testListId="8c84fa94-04c1-424b-9868-57a2d4851a1d" />
    <TestEntry testId="75bc2448-ab9c-17fb-22d9-854d8508393d" executionId="2b7c80e0-e530-4a8a-8ac1-1d706725af63" testListId="8c84fa94-04c1-424b-9868-57a2d4851a1d" />
    <TestEntry testId="ebedc43f-f51d-bceb-4a64-31a9cea4504c" executionId="25fcdc70-c638-4388-b401-b02af4968d21" testListId="8c84fa94-04c1-424b-9868-57a2d4851a1d" />
    <TestEntry testId="fc7fe3ff-b71b-5be8-fc71-ece4caef917c" executionId="7b2bb88f-9271-4b25-a3bc-6a7a05357240" testListId="8c84fa94-04c1-424b-9868-57a2d4851a1d" />
    <TestEntry testId="26ab0664-b78d-457b-3195-452e2c4e0a3a" executionId="cfa489a2-c759-4860-80be-5c12531ded14" testListId="8c84fa94-04c1-424b-9868-57a2d4851a1d" />
    <TestEntry testId="8ed0c270-8969-57ad-d597-726fe80f36ac" executionId="7756edae-8c4e-41f9-865a-a7d7a9b6765a" testListId="8c84fa94-04c1-424b-9868-57a2d4851a1d" />
    <TestEntry testId="5efe2dc3-fb23-1094-2c5c-2febea723bc2" executionId="d8fa320f-cef9-4c82-b23c-28ea0f2c00ee" testListId="8c84fa94-04c1-424b-9868-57a2d4851a1d" />
    <TestEntry testId="1992254c-3174-52d2-eaaf-50796c811c80" executionId="da2e138e-9bd5-4a0d-989e-97414da247fc" testListId="8c84fa94-04c1-424b-9868-57a2d4851a1d" />
    <TestEntry testId="ca3021f3-d048-b282-c9af-b3dd0540cbb5" executionId="7cdce592-a5bc-40c3-9305-c91d0d57b044" testListId="8c84fa94-04c1-424b-9868-57a2d4851a1d" />
    <TestEntry testId="55dc8244-1d31-9a65-fabf-d82299595606" executionId="da05849c-bfbb-481c-9670-ddb935e91a83" testListId="8c84fa94-04c1-424b-9868-57a2d4851a1d" />
    <TestEntry testId="7fa1fea0-66e3-423b-fdf8-a9e8f0fbbe1c" executionId="ed96c6e2-9195-4b81-9b33-5c75e8baa247" testListId="8c84fa94-04c1-424b-9868-57a2d4851a1d" />
    <TestEntry testId="4620cb6c-b0a3-ce4c-6a6f-4124ce10988c" executionId="a3a213f6-2b48-4d97-a04b-602daf131f0c" testListId="8c84fa94-04c1-424b-9868-57a2d4851a1d" />
    <TestEntry testId="3e056fe6-554c-0036-51bc-eca7a4924392" executionId="899216b3-e068-411d-bc7e-bc5c7545cea4" testListId="8c84fa94-04c1-424b-9868-57a2d4851a1d" />
    <TestEntry testId="3aa76433-1a96-5b6b-3f82-abfc6ae4373a" executionId="07f0617f-8ddb-4bd1-80fa-c8c3637d9568" testListId="8c84fa94-04c1-424b-9868-57a2d4851a1d" />
    <TestEntry testId="fb3591ad-f934-01a5-6f20-8c267c26a0f1" executionId="2636459f-c3cb-434c-a5b1-0bee9eda6f84" testListId="8c84fa94-04c1-424b-9868-57a2d4851a1d" />
    <TestEntry testId="d9dbaf23-b4ea-a0ae-4411-510948230600" executionId="3bd68696-292b-41d4-8de0-261a05528e9b" testListId="8c84fa94-04c1-424b-9868-57a2d4851a1d" />
    <TestEntry testId="9e87e10d-3bb8-c5ef-33b5-c9b6833cb5e3" executionId="3c0da1fb-27b3-4e67-ba8b-6dee8205cff9" testListId="8c84fa94-04c1-424b-9868-57a2d4851a1d" />
    <TestEntry testId="78e1c2f0-4814-bf33-32c3-8e39250ef75e" executionId="93548647-e936-4e7b-bec9-b69091f3cc99" testListId="8c84fa94-04c1-424b-9868-57a2d4851a1d" />
    <TestEntry testId="a00b1b54-06e7-ab44-24f8-6d75a28c2ff6" executionId="047f619f-3a01-4a14-b815-31ceec78499e" testListId="8c84fa94-04c1-424b-9868-57a2d4851a1d" />
    <TestEntry testId="a83b8c2b-a727-71a4-6451-576ff33c84bd" executionId="6bfb3040-1c49-4e1c-80a1-3b393ea0427d" testListId="8c84fa94-04c1-424b-9868-57a2d4851a1d" />
  </TestEntries>
  <TestLists>
    <TestList name="Results Not in a List" id="8c84fa94-04c1-424b-9868-57a2d4851a1d" />
    <TestList name="All Loaded Results" id="19431567-8539-422a-85d7-44ee4e166bda" />
  </TestLists>
  <ResultSummary outcome="Completed">
    <Counters total="31" executed="31" passed="31" failed="0" error="0" timeout="0" aborted="0" inconclusive="0" passedButRunAborted="0" notRunnable="0" notExecuted="0" disconnected="0" warning="0" completed="0" inProgress="0" pending="0" />
    <Output>
      <StdOut>NUnit Adapter 5.0.0.0: Test execution started&#xD;
Running selected tests in C:\Users\Begota\Documents\GitHub\gitextensions\artifacts\Debug\bin\tests\UnitTests\GitUI.Avalonia.Tests\net10.0\GitUI.Avalonia.Tests.dll&#xD;
   NUnit3TestExecutor discovered 31 of 31 NUnit test cases using Current Discovery mode, Non-Explicit run&#xD;
NUnit Adapter 5.0.0.0: Test execution complete&#xD;
</StdOut>
    </Output>
  </ResultSummary>
</TestRun>